Archive member included to satisfy reference by file (symbol)

c:/progra~1/raspbe~1/picosd~1.1/gcc-ar~1/bin/../lib/gcc/arm-none-eabi/10.3.1/thumb/v6-m/nofp\libgcc.a(_dvmd_tls.o)
                              CMakeFiles/myblink_w.dir/C_/Program_Files/Raspberry_Pi/Pico_SDK_v1.5.1/pico-sdk/src/rp2_common/pico_divider/divider.S.obj (__aeabi_idiv0)
c:/progra~1/raspbe~1/picosd~1.1/gcc-ar~1/bin/../lib/gcc/arm-none-eabi/10.3.1/../../../../arm-none-eabi/lib/thumb/v6-m/nofp\libg.a(lib_a-calloc.o)
                              CMakeFiles/myblink_w.dir/C_/Program_Files/Raspberry_Pi/Pico_SDK_v1.5.1/pico-sdk/src/rp2_common/pico_malloc/pico_malloc.c.obj (calloc)
c:/progra~1/raspbe~1/picosd~1.1/gcc-ar~1/bin/../lib/gcc/arm-none-eabi/10.3.1/../../../../arm-none-eabi/lib/thumb/v6-m/nofp\libg.a(lib_a-callocr.o)
                              c:/progra~1/raspbe~1/picosd~1.1/gcc-ar~1/bin/../lib/gcc/arm-none-eabi/10.3.1/../../../../arm-none-eabi/lib/thumb/v6-m/nofp\libg.a(lib_a-calloc.o) (_calloc_r)
c:/progra~1/raspbe~1/picosd~1.1/gcc-ar~1/bin/../lib/gcc/arm-none-eabi/10.3.1/../../../../arm-none-eabi/lib/thumb/v6-m/nofp\libg.a(lib_a-errno.o)
                              c:/progra~1/raspbe~1/picosd~1.1/gcc-ar~1/bin/../lib/gcc/arm-none-eabi/10.3.1/../../../../arm-none-eabi/lib/thumb/v6-m/nofp\libg.a(lib_a-callocr.o) (__errno)
c:/progra~1/raspbe~1/picosd~1.1/gcc-ar~1/bin/../lib/gcc/arm-none-eabi/10.3.1/../../../../arm-none-eabi/lib/thumb/v6-m/nofp\libg.a(lib_a-impure.o)
                              c:/progra~1/raspbe~1/picosd~1.1/gcc-ar~1/bin/../lib/gcc/arm-none-eabi/10.3.1/../../../../arm-none-eabi/lib/thumb/v6-m/nofp\libg.a(lib_a-calloc.o) (_impure_ptr)
c:/progra~1/raspbe~1/picosd~1.1/gcc-ar~1/bin/../lib/gcc/arm-none-eabi/10.3.1/../../../../arm-none-eabi/lib/thumb/v6-m/nofp\libg.a(lib_a-init.o)
                              c:/progra~1/raspbe~1/picosd~1.1/gcc-ar~1/bin/../lib/gcc/arm-none-eabi/10.3.1/../../../../arm-none-eabi/lib/thumb/v6-m/nofp/crt0.o (__libc_init_array)
c:/progra~1/raspbe~1/picosd~1.1/gcc-ar~1/bin/../lib/gcc/arm-none-eabi/10.3.1/../../../../arm-none-eabi/lib/thumb/v6-m/nofp\libg.a(lib_a-malloc.o)
                              CMakeFiles/myblink_w.dir/C_/Program_Files/Raspberry_Pi/Pico_SDK_v1.5.1/pico-sdk/src/rp2_common/pico_malloc/pico_malloc.c.obj (malloc)
c:/progra~1/raspbe~1/picosd~1.1/gcc-ar~1/bin/../lib/gcc/arm-none-eabi/10.3.1/../../../../arm-none-eabi/lib/thumb/v6-m/nofp\libg.a(lib_a-mallocr.o)
                              c:/progra~1/raspbe~1/picosd~1.1/gcc-ar~1/bin/../lib/gcc/arm-none-eabi/10.3.1/../../../../arm-none-eabi/lib/thumb/v6-m/nofp\libg.a(lib_a-callocr.o) (_malloc_r)
c:/progra~1/raspbe~1/picosd~1.1/gcc-ar~1/bin/../lib/gcc/arm-none-eabi/10.3.1/../../../../arm-none-eabi/lib/thumb/v6-m/nofp\libg.a(lib_a-memcmp.o)
                              CMakeFiles/myblink_w.dir/C_/Program_Files/Raspberry_Pi/Pico_SDK_v1.5.1/pico-sdk/lib/cyw43-driver/src/cyw43_ll.c.obj (memcmp)
c:/progra~1/raspbe~1/picosd~1.1/gcc-ar~1/bin/../lib/gcc/arm-none-eabi/10.3.1/../../../../arm-none-eabi/lib/thumb/v6-m/nofp\libg.a(lib_a-memmove.o)
                              CMakeFiles/myblink_w.dir/C_/Program_Files/Raspberry_Pi/Pico_SDK_v1.5.1/pico-sdk/lib/cyw43-driver/src/cyw43_ll.c.obj (memmove)
c:/progra~1/raspbe~1/picosd~1.1/gcc-ar~1/bin/../lib/gcc/arm-none-eabi/10.3.1/../../../../arm-none-eabi/lib/thumb/v6-m/nofp\libg.a(lib_a-mlock.o)
                              c:/progra~1/raspbe~1/picosd~1.1/gcc-ar~1/bin/../lib/gcc/arm-none-eabi/10.3.1/../../../../arm-none-eabi/lib/thumb/v6-m/nofp\libg.a(lib_a-mallocr.o) (__malloc_lock)
c:/progra~1/raspbe~1/picosd~1.1/gcc-ar~1/bin/../lib/gcc/arm-none-eabi/10.3.1/../../../../arm-none-eabi/lib/thumb/v6-m/nofp\libg.a(lib_a-realloc.o)
                              CMakeFiles/myblink_w.dir/C_/Program_Files/Raspberry_Pi/Pico_SDK_v1.5.1/pico-sdk/src/rp2_common/pico_malloc/pico_malloc.c.obj (realloc)
c:/progra~1/raspbe~1/picosd~1.1/gcc-ar~1/bin/../lib/gcc/arm-none-eabi/10.3.1/../../../../arm-none-eabi/lib/thumb/v6-m/nofp\libg.a(lib_a-reallocr.o)
                              c:/progra~1/raspbe~1/picosd~1.1/gcc-ar~1/bin/../lib/gcc/arm-none-eabi/10.3.1/../../../../arm-none-eabi/lib/thumb/v6-m/nofp\libg.a(lib_a-realloc.o) (_realloc_r)
c:/progra~1/raspbe~1/picosd~1.1/gcc-ar~1/bin/../lib/gcc/arm-none-eabi/10.3.1/../../../../arm-none-eabi/lib/thumb/v6-m/nofp\libg.a(lib_a-sbrkr.o)
                              c:/progra~1/raspbe~1/picosd~1.1/gcc-ar~1/bin/../lib/gcc/arm-none-eabi/10.3.1/../../../../arm-none-eabi/lib/thumb/v6-m/nofp\libg.a(lib_a-mallocr.o) (_sbrk_r)
c:/progra~1/raspbe~1/picosd~1.1/gcc-ar~1/bin/../lib/gcc/arm-none-eabi/10.3.1/../../../../arm-none-eabi/lib/thumb/v6-m/nofp\libg.a(lib_a-strlen-stub.o)
                              CMakeFiles/myblink_w.dir/C_/Program_Files/Raspberry_Pi/Pico_SDK_v1.5.1/pico-sdk/src/rp2_common/pico_stdio/stdio.c.obj (strlen)
[...]
Memory Configuration

Name             Origin             Length             Attributes
FLASH            0x10000000         0x00200000         xr
RAM              0x20000000         0x00040000         xrw
SCRATCH_X        0x20040000         0x00001000         xrw
SCRATCH_Y        0x20041000         0x00001000         xrw
*default*        0x00000000         0xffffffff

Linker script and memory map

LOAD c:/progra~1/raspbe~1/picosd~1.1/gcc-ar~1/bin/../lib/gcc/arm-none-eabi/10.3.1/thumb/v6-m/nofp/crti.o
LOAD c:/progra~1/raspbe~1/picosd~1.1/gcc-ar~1/bin/../lib/gcc/arm-none-eabi/10.3.1/thumb/v6-m/nofp/crtbegin.o
LOAD c:/progra~1/raspbe~1/picosd~1.1/gcc-ar~1/bin/../lib/gcc/arm-none-eabi/10.3.1/../../../../arm-none-eabi/lib/thumb/v6-m/nofp/crt0.o

.flash_begin    0x10000000        0x0
                0x10000000                __flash_binary_start = .

.boot2          0x10000000      0x100
                0x10000000                __boot2_start__ = .
 *(.boot2)
 .boot2         0x10000000      0x100 C:\Users\Usuario\AppData\Local\Temp\ccurHchn.o
                0x10000100                __boot2_end__ = .
                0x00000001                ASSERT (((__boot2_end__ - __boot2_start__) == 0x100), ERROR: Pico second stage bootloader must be 256 bytes in size)

.text           0x10000100     0x71d0
                0x10000100                __logical_binary_start = .
 *(.vectors)
 .vectors       0x10000100       0xd4 CMakeFiles/myblink_w.dir/C_/Program_Files/Raspberry_Pi/Pico_SDK_v1.5.1/pico-sdk/src/rp2_common/pico_standard_link/crt0.S.obj
                0x10000100                __VECTOR_TABLE
                0x10000100                __vectors
                0x100001c0                isr_invalid
                0x100001c0                __default_isrs_start
                0x100001c2                isr_nmi
                0x100001c4                isr_hardfault
                0x100001c6                isr_svcall
                0x100001c8                isr_pendsv
                0x100001ca                isr_systick
                0x100001cc                isr_irq23
                0x100001cc                isr_irq18
                0x100001cc                isr_irq11
                0x100001cc                isr_irq28
                0x100001cc                isr_irq19
                0x100001cc                isr_irq0
                0x100001cc                isr_irq6
                0x100001cc                isr_irq5
                0x100001cc                isr_irq12
                0x100001cc                isr_irq22
                0x100001cc                isr_irq31
                0x100001cc                isr_irq17
                0x100001cc                isr_irq27
                0x100001cc                isr_irq30
                0x100001cc                isr_irq2
                0x100001cc                isr_irq10
                0x100001cc                isr_irq8
                0x100001cc                isr_irq24
                0x100001cc                isr_irq1
                0x100001cc                isr_irq7
                0x100001cc                isr_irq21
                0x100001cc                isr_irq20
                0x100001cc                isr_irq15
                0x100001cc                isr_irq25
                0x100001cc                isr_irq13
                0x100001cc                __unhandled_user_irq
                0x100001cc                isr_irq4
                0x100001cc                isr_irq16
                0x100001cc                isr_irq29
                0x100001cc                isr_irq26
                0x100001cc                __default_isrs_end
                0x100001cc                isr_irq3
                0x100001cc                isr_irq14
                0x100001cc                isr_irq9
                0x100001d2                unhandled_user_irq_num_in_r0
 *(.binary_info_header)
 .binary_info_header
                0x100001d4       0x14 CMakeFiles/myblink_w.dir/C_/Program_Files/Raspberry_Pi/Pico_SDK_v1.5.1/pico-sdk/src/rp2_common/pico_standard_link/crt0.S.obj
                0x100001e8                __binary_info_header_end = .
 *(.reset)
 .reset         0x100001e8       0xa0 CMakeFiles/myblink_w.dir/C_/Program_Files/Raspberry_Pi/Pico_SDK_v1.5.1/pico-sdk/src/rp2_common/pico_standard_link/crt0.S.obj
                0x100001e8                _entry_point
 .reset         0x10000288       0x30 CMakeFiles/myblink_w.dir/C_/Program_Files/Raspberry_Pi/Pico_SDK_v1.5.1/pico-sdk/src/rp2_common/pico_standard_link/binary_info.c.obj
 *(.init)
 .init          0x100002b8        0x4 c:/progra~1/raspbe~1/picosd~1.1/gcc-ar~1/bin/../lib/gcc/arm-none-eabi/10.3.1/thumb/v6-m/nofp/crti.o
                0x100002b8                _init
 *(EXCLUDE_FILE(*libm.a: *libc.a:*lib_a-mem*.o *libgcc.a:) .text*)
 .text          0x100002bc       0x48 c:/progra~1/raspbe~1/picosd~1.1/gcc-ar~1/bin/../lib/gcc/arm-none-eabi/10.3.1/thumb/v6-m/nofp/crtbegin.o
 .text.measure_duty_cycle
                0x10000304       0xb8 CMakeFiles/myblink_w.dir/RCmapeo.c.obj
                0x10000304                measure_duty_cycle
 .text.setup_pwm
                0x100003bc       0xf4 CMakeFiles/myblink_w.dir/RCmapeo.c.obj
                0x100003bc                setup_pwm
 .text.main     0x100004b0      0x278 CMakeFiles/myblink_w.dir/RCmapeo.c.obj
                0x100004b0                main
 .text.kalman_init
                0x10000728       0x12 CMakeFiles/myblink_w.dir/control_pid.c.obj
                0x10000728                kalman_init
 .text.kalman_update
                0x1000073a       0x62 CMakeFiles/myblink_w.dir/control_pid.c.obj
                0x1000073a                kalman_update
 .text.pid_controller_init
                0x1000079c       0x12 CMakeFiles/myblink_w.dir/control_pid.c.obj
                0x1000079c                pid_controller_init
 .text.pid_controller_update
                0x100007ae       0x66 CMakeFiles/myblink_w.dir/control_pid.c.obj
                0x100007ae                pid_controller_update
 .text.i2c_init_gy
                0x10000814       0x38 CMakeFiles/myblink_w.dir/control_pid.c.obj
                0x10000814                i2c_init_gy
 .text.write_register
                0x1000084c       0x24 CMakeFiles/myblink_w.dir/control_pid.c.obj
                0x1000084c                write_register
 .text.read_registers
                0x10000870       0x34 CMakeFiles/myblink_w.dir/control_pid.c.obj
                0x10000870                read_registers
 .text.gy85_init
                0x100008a4        0xc CMakeFiles/myblink_w.dir/control_pid.c.obj
                0x100008a4                gy85_init
 .text.read_accelerometer
                0x100008b0       0x3c CMakeFiles/myblink_w.dir/control_pid.c.obj
                0x100008b0                read_accelerometer
 .text.calculate_pitch
                0x100008ec       0x4c CMakeFiles/myblink_w.dir/control_pid.c.obj
                0x100008ec                calculate_pitch
 .text.gpio_set_function
                0x10000938       0x30 CMakeFiles/myblink_w.dir/C_/Program_Files/Raspberry_Pi/Pico_SDK_v1.5.1/pico-sdk/src/rp2_common/hardware_gpio/gpio.c.obj
                0x10000938                gpio_set_function
 .text.gpio_set_pulls
                0x10000968       0x34 CMakeFiles/myblink_w.dir/C_/Program_Files/Raspberry_Pi/Pico_SDK_v1.5.1/pico-sdk/src/rp2_common/hardware_gpio/gpio.c.obj
                0x10000968                gpio_set_pulls
 .text.gpio_init
                0x1000099c       0x16 CMakeFiles/myblink_w.dir/C_/Program_Files/Raspberry_Pi/Pico_SDK_v1.5.1/pico-sdk/src/rp2_common/hardware_gpio/gpio.c.obj
                0x1000099c                gpio_init
 *fill*         0x100009b2        0x2 
 .text.running_on_fpga
                0x100009b4       0x14 CMakeFiles/myblink_w.dir/C_/Program_Files/Raspberry_Pi/Pico_SDK_v1.5.1/pico-sdk/src/rp2_common/pico_platform/platform.c.obj
                0x100009b4                running_on_fpga
 .text.hw_claim_lock
                0x100009c8       0x18 CMakeFiles/myblink_w.dir/C_/Program_Files/Raspberry_Pi/Pico_SDK_v1.5.1/pico-sdk/src/rp2_common/hardware_claim/claim.c.obj
                0x100009c8                hw_claim_lock
 .text.hw_claim_unlock
                0x100009e0       0x14 CMakeFiles/myblink_w.dir/C_/Program_Files/Raspberry_Pi/Pico_SDK_v1.5.1/pico-sdk/src/rp2_common/hardware_claim/claim.c.obj
                0x100009e0                hw_claim_unlock
 .text.hw_claim_or_assert
                0x100009f4       0x32 CMakeFiles/myblink_w.dir/C_/Program_Files/Raspberry_Pi/Pico_SDK_v1.5.1/pico-sdk/src/rp2_common/hardware_claim/claim.c.obj
                0x100009f4                hw_claim_or_assert
 .text.hw_claim_unused_from_range
                0x10000a26       0x50 CMakeFiles/myblink_w.dir/C_/Program_Files/Raspberry_Pi/Pico_SDK_v1.5.1/pico-sdk/src/rp2_common/hardware_claim/claim.c.obj
                0x10000a26                hw_claim_unused_from_range
 *fill*         0x10000a76        0x2 
 .text.spin_locks_reset
                0x10000a78       0x20 CMakeFiles/myblink_w.dir/C_/Program_Files/Raspberry_Pi/Pico_SDK_v1.5.1/pico-sdk/src/rp2_common/hardware_sync/sync.c.obj
                0x10000a78                spin_locks_reset
 .text.next_striped_spin_lock_num
                0x10000a98       0x1c CMakeFiles/myblink_w.dir/C_/Program_Files/Raspberry_Pi/Pico_SDK_v1.5.1/pico-sdk/src/rp2_common/hardware_sync/sync.c.obj
                0x10000a98                next_striped_spin_lock_num
 .text.spin_lock_claim_unused
                0x10000ab4       0x20 CMakeFiles/myblink_w.dir/C_/Program_Files/Raspberry_Pi/Pico_SDK_v1.5.1/pico-sdk/src/rp2_common/hardware_sync/sync.c.obj
                0x10000ab4                spin_lock_claim_unused
 .text.set_raw_irq_handler_and_unlock
                0x10000ad4       0x28 CMakeFiles/myblink_w.dir/C_/Program_Files/Raspberry_Pi/Pico_SDK_v1.5.1/pico-sdk/src/rp2_common/hardware_irq/irq.c.obj
 .text.make_branch
                0x10000afc       0x48 CMakeFiles/myblink_w.dir/C_/Program_Files/Raspberry_Pi/Pico_SDK_v1.5.1/pico-sdk/src/rp2_common/hardware_irq/irq.c.obj
 .text.insert_branch_and_link
                0x10000b44       0x40 CMakeFiles/myblink_w.dir/C_/Program_Files/Raspberry_Pi/Pico_SDK_v1.5.1/pico-sdk/src/rp2_common/hardware_irq/irq.c.obj
 .text.irq_is_enabled
                0x10000b84       0x18 CMakeFiles/myblink_w.dir/C_/Program_Files/Raspberry_Pi/Pico_SDK_v1.5.1/pico-sdk/src/rp2_common/hardware_irq/irq.c.obj
                0x10000b84                irq_is_enabled
 .text.irq_set_mask_enabled
                0x10000b9c       0x20 CMakeFiles/myblink_w.dir/C_/Program_Files/Raspberry_Pi/Pico_SDK_v1.5.1/pico-sdk/src/rp2_common/hardware_irq/irq.c.obj
                0x10000b9c                irq_set_mask_enabled
 .text.irq_set_enabled
                0x10000bbc        0xe CMakeFiles/myblink_w.dir/C_/Program_Files/Raspberry_Pi/Pico_SDK_v1.5.1/pico-sdk/src/rp2_common/hardware_irq/irq.c.obj
                0x10000bbc                irq_set_enabled
 *fill*         0x10000bca        0x2 
 .text.irq_set_pending
                0x10000bcc       0x10 CMakeFiles/myblink_w.dir/C_/Program_Files/Raspberry_Pi/Pico_SDK_v1.5.1/pico-sdk/src/rp2_common/hardware_irq/irq.c.obj
                0x10000bcc                irq_set_pending
 .text.irq_get_vtable_handler
                0x10000bdc       0x10 CMakeFiles/myblink_w.dir/C_/Program_Files/Raspberry_Pi/Pico_SDK_v1.5.1/pico-sdk/src/rp2_common/hardware_irq/irq.c.obj
                0x10000bdc                irq_get_vtable_handler
 .text.irq_has_shared_handler
                0x10000bec       0x24 CMakeFiles/myblink_w.dir/C_/Program_Files/Raspberry_Pi/Pico_SDK_v1.5.1/pico-sdk/src/rp2_common/hardware_irq/irq.c.obj
                0x10000bec                irq_has_shared_handler
 .text.irq_set_exclusive_handler
                0x10000c10       0x54 CMakeFiles/myblink_w.dir/C_/Program_Files/Raspberry_Pi/Pico_SDK_v1.5.1/pico-sdk/src/rp2_common/hardware_irq/irq.c.obj
                0x10000c10                irq_set_exclusive_handler
 .text.irq_add_shared_handler
                0x10000c64      0x234 CMakeFiles/myblink_w.dir/C_/Program_Files/Raspberry_Pi/Pico_SDK_v1.5.1/pico-sdk/src/rp2_common/hardware_irq/irq.c.obj
                0x10000c64                irq_add_shared_handler
 .text.irq_remove_handler
                0x10000e98      0x1ac CMakeFiles/myblink_w.dir/C_/Program_Files/Raspberry_Pi/Pico_SDK_v1.5.1/pico-sdk/src/rp2_common/hardware_irq/irq.c.obj
                0x10000e98                irq_remove_handler
 .text.irq_add_tail_to_free_list
                0x10001044       0xf0 CMakeFiles/myblink_w.dir/C_/Program_Files/Raspberry_Pi/Pico_SDK_v1.5.1/pico-sdk/src/rp2_common/hardware_irq/irq.c.obj
                0x10001044                irq_add_tail_to_free_list
 .text.irq_init_priorities
                0x10001134       0x1c CMakeFiles/myblink_w.dir/C_/Program_Files/Raspberry_Pi/Pico_SDK_v1.5.1/pico-sdk/src/rp2_common/hardware_irq/irq.c.obj
                0x10001134                irq_init_priorities
 .text.user_irq_claim_unused
                0x10001150       0x28 CMakeFiles/myblink_w.dir/C_/Program_Files/Raspberry_Pi/Pico_SDK_v1.5.1/pico-sdk/src/rp2_common/hardware_irq/irq.c.obj
                0x10001150                user_irq_claim_unused
 .text.lock_init
                0x10001178       0x10 CMakeFiles/myblink_w.dir/C_/Program_Files/Raspberry_Pi/Pico_SDK_v1.5.1/pico-sdk/src/common/pico_sync/lock_core.c.obj
                0x10001178                lock_init
 .text.mutex_init
                0x10001188       0x1a CMakeFiles/myblink_w.dir/C_/Program_Files/Raspberry_Pi/Pico_SDK_v1.5.1/pico-sdk/src/common/pico_sync/mutex.c.obj
                0x10001188                mutex_init
 .text.recursive_mutex_init
                0x100011a2       0x1e CMakeFiles/myblink_w.dir/C_/Program_Files/Raspberry_Pi/Pico_SDK_v1.5.1/pico-sdk/src/common/pico_sync/mutex.c.obj
                0x100011a2                recursive_mutex_init
 .text.critical_section_init_with_lock_num
                0x100011c0       0x14 CMakeFiles/myblink_w.dir/C_/Program_Files/Raspberry_Pi/Pico_SDK_v1.5.1/pico-sdk/src/common/pico_sync/critical_section.c.obj
                0x100011c0                critical_section_init_with_lock_num
 .text.critical_section_init
                0x100011d4       0x14 CMakeFiles/myblink_w.dir/C_/Program_Files/Raspberry_Pi/Pico_SDK_v1.5.1/pico-sdk/src/common/pico_sync/critical_section.c.obj
                0x100011d4                critical_section_init
 .text.alarm_pool_post_alloc_init
                0x100011e8       0x40 CMakeFiles/myblink_w.dir/C_/Program_Files/Raspberry_Pi/Pico_SDK_v1.5.1/pico-sdk/src/common/pico_time/time.c.obj
 .text.sleep_until_callback
                0x10001228       0x30 CMakeFiles/myblink_w.dir/C_/Program_Files/Raspberry_Pi/Pico_SDK_v1.5.1/pico-sdk/src/common/pico_time/time.c.obj
 .text.timer_pool_entry_comparator
                0x10001258       0x7c CMakeFiles/myblink_w.dir/C_/Program_Files/Raspberry_Pi/Pico_SDK_v1.5.1/pico-sdk/src/common/pico_time/time.c.obj
                0x10001258                timer_pool_entry_comparator
 .text.ph_add_child_node
                0x100012d4       0xa4 CMakeFiles/myblink_w.dir/C_/Program_Files/Raspberry_Pi/Pico_SDK_v1.5.1/pico-sdk/src/common/pico_time/time.c.obj
 .text.ph_merge_nodes
                0x10001378       0x3e CMakeFiles/myblink_w.dir/C_/Program_Files/Raspberry_Pi/Pico_SDK_v1.5.1/pico-sdk/src/common/pico_time/time.c.obj
 *fill*         0x100013b6        0x2 
 .text.add_alarm_under_lock
                0x100013b8      0x174 CMakeFiles/myblink_w.dir/C_/Program_Files/Raspberry_Pi/Pico_SDK_v1.5.1/pico-sdk/src/common/pico_time/time.c.obj
 .text.alarm_pool_alarm_callback
                0x1000152c      0x33c CMakeFiles/myblink_w.dir/C_/Program_Files/Raspberry_Pi/Pico_SDK_v1.5.1/pico-sdk/src/common/pico_time/time.c.obj
 .text.alarm_pool_init_default
                0x10001868       0x40 CMakeFiles/myblink_w.dir/C_/Program_Files/Raspberry_Pi/Pico_SDK_v1.5.1/pico-sdk/src/common/pico_time/time.c.obj
                0x10001868                alarm_pool_init_default
 .text.alarm_pool_get_default
                0x100018a8       0x2c CMakeFiles/myblink_w.dir/C_/Program_Files/Raspberry_Pi/Pico_SDK_v1.5.1/pico-sdk/src/common/pico_time/time.c.obj
                0x100018a8                alarm_pool_get_default
 .text.alarm_pool_add_alarm_at
                0x100018d4      0x168 CMakeFiles/myblink_w.dir/C_/Program_Files/Raspberry_Pi/Pico_SDK_v1.5.1/pico-sdk/src/common/pico_time/time.c.obj
                0x100018d4                alarm_pool_add_alarm_at
 .text.alarm_pool_cancel_alarm
                0x10001a3c       0xf8 CMakeFiles/myblink_w.dir/C_/Program_Files/Raspberry_Pi/Pico_SDK_v1.5.1/pico-sdk/src/common/pico_time/time.c.obj
                0x10001a3c                alarm_pool_cancel_alarm
 .text.alarm_pool_core_num
                0x10001b34        0x4 CMakeFiles/myblink_w.dir/C_/Program_Files/Raspberry_Pi/Pico_SDK_v1.5.1/pico-sdk/src/common/pico_time/time.c.obj
                0x10001b34                alarm_pool_core_num
 .text.sleep_until
                0x10001b38       0xfc CMakeFiles/myblink_w.dir/C_/Program_Files/Raspberry_Pi/Pico_SDK_v1.5.1/pico-sdk/src/common/pico_time/time.c.obj
                0x10001b38                sleep_until
 .text.sleep_us
                0x10001c34       0x58 CMakeFiles/myblink_w.dir/C_/Program_Files/Raspberry_Pi/Pico_SDK_v1.5.1/pico-sdk/src/common/pico_time/time.c.obj
                0x10001c34                sleep_us
 .text.sleep_ms
                0x10001c8c       0x14 CMakeFiles/myblink_w.dir/C_/Program_Files/Raspberry_Pi/Pico_SDK_v1.5.1/pico-sdk/src/common/pico_time/time.c.obj
                0x10001c8c                sleep_ms
 .text.best_effort_wfe_or_timeout
                0x10001ca0       0xac CMakeFiles/myblink_w.dir/C_/Program_Files/Raspberry_Pi/Pico_SDK_v1.5.1/pico-sdk/src/common/pico_time/time.c.obj
                0x10001ca0                best_effort_wfe_or_timeout
 .text.hardware_alarm_irq_handler
                0x10001d4c       0x90 CMakeFiles/myblink_w.dir/C_/Program_Files/Raspberry_Pi/Pico_SDK_v1.5.1/pico-sdk/src/rp2_common/hardware_timer/timer.c.obj
 .text.hardware_alarm_claim
                0x10001ddc       0x18 CMakeFiles/myblink_w.dir/C_/Program_Files/Raspberry_Pi/Pico_SDK_v1.5.1/pico-sdk/src/rp2_common/hardware_timer/timer.c.obj
                0x10001ddc                hardware_alarm_claim
 .text.time_us_64
                0x10001df4       0x18 CMakeFiles/myblink_w.dir/C_/Program_Files/Raspberry_Pi/Pico_SDK_v1.5.1/pico-sdk/src/rp2_common/hardware_timer/timer.c.obj
                0x10001df4                time_us_64
 .text.busy_wait_until
                0x10001e0c       0x28 CMakeFiles/myblink_w.dir/C_/Program_Files/Raspberry_Pi/Pico_SDK_v1.5.1/pico-sdk/src/rp2_common/hardware_timer/timer.c.obj
                0x10001e0c                busy_wait_until
 .text.hardware_alarm_set_callback
                0x10001e34       0x90 CMakeFiles/myblink_w.dir/C_/Program_Files/Raspberry_Pi/Pico_SDK_v1.5.1/pico-sdk/src/rp2_common/hardware_timer/timer.c.obj
                0x10001e34                hardware_alarm_set_callback
 .text.hardware_alarm_set_target
                0x10001ec4       0xe8 CMakeFiles/myblink_w.dir/C_/Program_Files/Raspberry_Pi/Pico_SDK_v1.5.1/pico-sdk/src/rp2_common/hardware_timer/timer.c.obj
                0x10001ec4                hardware_alarm_set_target
 .text.hardware_alarm_cancel
                0x10001fac       0x40 CMakeFiles/myblink_w.dir/C_/Program_Files/Raspberry_Pi/Pico_SDK_v1.5.1/pico-sdk/src/rp2_common/hardware_timer/timer.c.obj
                0x10001fac                hardware_alarm_cancel
 .text.ph_add_child_node
                0x10001fec       0xa4 CMakeFiles/myblink_w.dir/C_/Program_Files/Raspberry_Pi/Pico_SDK_v1.5.1/pico-sdk/src/common/pico_util/pheap.c.obj
 .text.ph_merge_nodes
                0x10002090       0x3e CMakeFiles/myblink_w.dir/C_/Program_Files/Raspberry_Pi/Pico_SDK_v1.5.1/pico-sdk/src/common/pico_util/pheap.c.obj
 *fill*         0x100020ce        0x2 
 .text.ph_clear
                0x100020d0       0x70 CMakeFiles/myblink_w.dir/C_/Program_Files/Raspberry_Pi/Pico_SDK_v1.5.1/pico-sdk/src/common/pico_util/pheap.c.obj
                0x100020d0                ph_clear
 .text.ph_post_alloc_init
                0x10002140        0xe CMakeFiles/myblink_w.dir/C_/Program_Files/Raspberry_Pi/Pico_SDK_v1.5.1/pico-sdk/src/common/pico_util/pheap.c.obj
                0x10002140                ph_post_alloc_init
 *fill*         0x1000214e        0x2 
 .text.ph_merge_two_pass
                0x10002150       0xa8 CMakeFiles/myblink_w.dir/C_/Program_Files/Raspberry_Pi/Pico_SDK_v1.5.1/pico-sdk/src/common/pico_util/pheap.c.obj
                0x10002150                ph_merge_two_pass
 .text.ph_remove_any_head
                0x100021f8      0x128 CMakeFiles/myblink_w.dir/C_/Program_Files/Raspberry_Pi/Pico_SDK_v1.5.1/pico-sdk/src/common/pico_util/pheap.c.obj
 .text.ph_remove_head
                0x10002320       0x14 CMakeFiles/myblink_w.dir/C_/Program_Files/Raspberry_Pi/Pico_SDK_v1.5.1/pico-sdk/src/common/pico_util/pheap.c.obj
                0x10002320                ph_remove_head
 .text.ph_remove_and_free_node
                0x10002334       0xf8 CMakeFiles/myblink_w.dir/C_/Program_Files/Raspberry_Pi/Pico_SDK_v1.5.1/pico-sdk/src/common/pico_util/pheap.c.obj
                0x10002334                ph_remove_and_free_node
 .text.clock_configure
                0x1000242c      0x108 CMakeFiles/myblink_w.dir/C_/Program_Files/Raspberry_Pi/Pico_SDK_v1.5.1/pico-sdk/src/rp2_common/hardware_clocks/clocks.c.obj
                0x1000242c                clock_configure
 .text.clocks_init
                0x10002534      0x100 CMakeFiles/myblink_w.dir/C_/Program_Files/Raspberry_Pi/Pico_SDK_v1.5.1/pico-sdk/src/rp2_common/hardware_clocks/clocks.c.obj
                0x10002534                clocks_init
 .text.clock_get_hz
                0x10002634        0xc CMakeFiles/myblink_w.dir/C_/Program_Files/Raspberry_Pi/Pico_SDK_v1.5.1/pico-sdk/src/rp2_common/hardware_clocks/clocks.c.obj
                0x10002634                clock_get_hz
 .text.pll_init
                0x10002640      0x120 CMakeFiles/myblink_w.dir/C_/Program_Files/Raspberry_Pi/Pico_SDK_v1.5.1/pico-sdk/src/rp2_common/hardware_pll/pll.c.obj
                0x10002640                pll_init
 .text.watchdog_start_tick
                0x10002760       0x10 CMakeFiles/myblink_w.dir/C_/Program_Files/Raspberry_Pi/Pico_SDK_v1.5.1/pico-sdk/src/rp2_common/hardware_watchdog/watchdog.c.obj
                0x10002760                watchdog_start_tick
 .text.watchdog_update
                0x10002770       0x14 CMakeFiles/myblink_w.dir/C_/Program_Files/Raspberry_Pi/Pico_SDK_v1.5.1/pico-sdk/src/rp2_common/hardware_watchdog/watchdog.c.obj
                0x10002770                watchdog_update
 .text._watchdog_enable
                0x10002784       0x78 CMakeFiles/myblink_w.dir/C_/Program_Files/Raspberry_Pi/Pico_SDK_v1.5.1/pico-sdk/src/rp2_common/hardware_watchdog/watchdog.c.obj
                0x10002784                _watchdog_enable
 .text.watchdog_reboot
                0x100027fc       0x48 CMakeFiles/myblink_w.dir/C_/Program_Files/Raspberry_Pi/Pico_SDK_v1.5.1/pico-sdk/src/rp2_common/hardware_watchdog/watchdog.c.obj
                0x100027fc                watchdog_reboot
 .text.xosc_init
                0x10002844       0x28 CMakeFiles/myblink_w.dir/C_/Program_Files/Raspberry_Pi/Pico_SDK_v1.5.1/pico-sdk/src/rp2_common/hardware_xosc/xosc.c.obj
                0x10002844                xosc_init
 .text._exit    0x1000286c        0x4 CMakeFiles/myblink_w.dir/C_/Program_Files/Raspberry_Pi/Pico_SDK_v1.5.1/pico-sdk/src/rp2_common/pico_runtime/runtime.c.obj
                0x1000286c                _exit
 .text.exit     0x10002870        0x6 CMakeFiles/myblink_w.dir/C_/Program_Files/Raspberry_Pi/Pico_SDK_v1.5.1/pico-sdk/src/rp2_common/pico_runtime/runtime.c.obj
                0x10002870                exit
 *fill*         0x10002876        0x2 
 .text.__assert_func
                0x10002878       0x3c CMakeFiles/myblink_w.dir/C_/Program_Files/Raspberry_Pi/Pico_SDK_v1.5.1/pico-sdk/src/rp2_common/pico_runtime/runtime.c.obj
                0x10002878                __assert_func
 .text.runtime_init
                0x100028b4       0xf8 CMakeFiles/myblink_w.dir/C_/Program_Files/Raspberry_Pi/Pico_SDK_v1.5.1/pico-sdk/src/rp2_common/pico_runtime/runtime.c.obj
                0x100028b4                runtime_init
 .text.panic    0x100029ac       0x30 CMakeFiles/myblink_w.dir/C_/Program_Files/Raspberry_Pi/Pico_SDK_v1.5.1/pico-sdk/src/rp2_common/pico_runtime/runtime.c.obj
                0x100029ac                panic
 .text._out_null
                0x100029dc        0x2 CMakeFiles/myblink_w.dir/C_/Program_Files/Raspberry_Pi/Pico_SDK_v1.5.1/pico-sdk/src/rp2_common/pico_printf/printf.c.obj
 .text._out_fct
                0x100029de        0xe CMakeFiles/myblink_w.dir/C_/Program_Files/Raspberry_Pi/Pico_SDK_v1.5.1/pico-sdk/src/rp2_common/pico_printf/printf.c.obj
 .text._atoi    0x100029ec       0x24 CMakeFiles/myblink_w.dir/C_/Program_Files/Raspberry_Pi/Pico_SDK_v1.5.1/pico-sdk/src/rp2_common/pico_printf/printf.c.obj
 .text._out_rev
                0x10002a10       0xae CMakeFiles/myblink_w.dir/C_/Program_Files/Raspberry_Pi/Pico_SDK_v1.5.1/pico-sdk/src/rp2_common/pico_printf/printf.c.obj
 .text._ntoa_format
                0x10002abe      0x112 CMakeFiles/myblink_w.dir/C_/Program_Files/Raspberry_Pi/Pico_SDK_v1.5.1/pico-sdk/src/rp2_common/pico_printf/printf.c.obj
 .text._ntoa_long
                0x10002bd0       0xbc CMakeFiles/myblink_w.dir/C_/Program_Files/Raspberry_Pi/Pico_SDK_v1.5.1/pico-sdk/src/rp2_common/pico_printf/printf.c.obj
 .text._ntoa_long_long
                0x10002c8c       0xe2 CMakeFiles/myblink_w.dir/C_/Program_Files/Raspberry_Pi/Pico_SDK_v1.5.1/pico-sdk/src/rp2_common/pico_printf/printf.c.obj
 *fill*         0x10002d6e        0x2 
 .text._etoa    0x10002d70      0x414 CMakeFiles/myblink_w.dir/C_/Program_Files/Raspberry_Pi/Pico_SDK_v1.5.1/pico-sdk/src/rp2_common/pico_printf/printf.c.obj
 .text._ftoa    0x10003184      0x354 CMakeFiles/myblink_w.dir/C_/Program_Files/Raspberry_Pi/Pico_SDK_v1.5.1/pico-sdk/src/rp2_common/pico_printf/printf.c.obj
 .text._vsnprintf
                0x100034d8      0x624 CMakeFiles/myblink_w.dir/C_/Program_Files/Raspberry_Pi/Pico_SDK_v1.5.1/pico-sdk/src/rp2_common/pico_printf/printf.c.obj
 .text.vfctprintf
                0x10003afc       0x20 CMakeFiles/myblink_w.dir/C_/Program_Files/Raspberry_Pi/Pico_SDK_v1.5.1/pico-sdk/src/rp2_common/pico_printf/printf.c.obj
                0x10003afc                vfctprintf
 .text          0x10003b1c       0x10 CMakeFiles/myblink_w.dir/C_/Program_Files/Raspberry_Pi/Pico_SDK_v1.5.1/pico-sdk/src/rp2_common/pico_bit_ops/bit_ops_aeabi.S.obj
 .text.rom_func_lookup
                0x10003b2c       0x10 CMakeFiles/myblink_w.dir/C_/Program_Files/Raspberry_Pi/Pico_SDK_v1.5.1/pico-sdk/src/rp2_common/pico_bootrom/bootrom.c.obj
                0x10003b2c                rom_func_lookup
 .text.rom_data_lookup
                0x10003b3c       0x10 CMakeFiles/myblink_w.dir/C_/Program_Files/Raspberry_Pi/Pico_SDK_v1.5.1/pico-sdk/src/rp2_common/pico_bootrom/bootrom.c.obj
                0x10003b3c                rom_data_lookup
 .text.rom_funcs_lookup
                0x10003b4c       0x36 CMakeFiles/myblink_w.dir/C_/Program_Files/Raspberry_Pi/Pico_SDK_v1.5.1/pico-sdk/src/rp2_common/pico_bootrom/bootrom.c.obj
                0x10003b4c                rom_funcs_lookup
 *fill*         0x10003b82        0x2 
 .text.__wrap___aeabi_idiv
                0x10003b84       0x50 CMakeFiles/myblink_w.dir/C_/Program_Files/Raspberry_Pi/Pico_SDK_v1.5.1/pico-sdk/src/rp2_common/pico_divider/divider.S.obj
                0x10003b84                __wrap___aeabi_idivmod
                0x10003b84                divmod_s32s32
                0x10003b84                div_s32s32
                0x10003b84                __wrap___aeabi_idiv
                0x10003b8c                divmod_s32s32_unsafe
                0x10003bb8                divmod_s32s32_savestate
 .text.__wrap___aeabi_uidiv
                0x10003bd4       0x4c CMakeFiles/myblink_w.dir/C_/Program_Files/Raspberry_Pi/Pico_SDK_v1.5.1/pico-sdk/src/rp2_common/pico_divider/divider.S.obj
                0x10003bd4                __wrap___aeabi_uidiv
                0x10003bd4                __wrap___aeabi_uidivmod
                0x10003bd4                div_u32u32
                0x10003bd4                divmod_u32u32
                0x10003bdc                divmod_u32u32_unsafe
                0x10003c04                divmod_u32u32_savestate
 .text.__wrap___aeabi_ldiv
                0x10003c20      0x424 CMakeFiles/myblink_w.dir/C_/Program_Files/Raspberry_Pi/Pico_SDK_v1.5.1/pico-sdk/src/rp2_common/pico_divider/divider.S.obj
                0x10003c20                div_s64s64
                0x10003c20                divmod_s64s64
                0x10003c20                __wrap___aeabi_ldivmod
                0x10003c50                divmod_u64u64
                0x10003c50                div_u64u64
                0x10003c50                __wrap___aeabi_uldivmod
                0x10003c60                divmod_u64u64_savestate
                0x10003c80                divmod_s64s64_unsafe
                0x10003d08                divmod_u64u64_unsafe
 .text.__wrap___aeabi_darithmetic
                0x10004044       0x60 CMakeFiles/myblink_w.dir/C_/Program_Files/Raspberry_Pi/Pico_SDK_v1.5.1/pico-sdk/src/rp2_common/pico_double/double_aeabi.S.obj
                0x10004044                __wrap___aeabi_drsub
                0x1000404a                __wrap___aeabi_dsub
                0x10004054                __wrap___aeabi_dadd
                0x1000405e                __wrap___aeabi_ddiv
                0x10004092                __wrap___aeabi_dmul
 .text.__wrap___aeabi_cdcmple
                0x100040a4       0x6c CMakeFiles/myblink_w.dir/C_/Program_Files/Raspberry_Pi/Pico_SDK_v1.5.1/pico-sdk/src/rp2_common/pico_double/double_aeabi.S.obj
                0x100040a4                __wrap___aeabi_cdrcmple
                0x100040b4                __wrap___aeabi_cdcmpeq
                0x100040b4                __wrap___aeabi_cdcmple
 .text.__wrap___aeabi_dcmplt
                0x10004110        0xc CMakeFiles/myblink_w.dir/C_/Program_Files/Raspberry_Pi/Pico_SDK_v1.5.1/pico-sdk/src/rp2_common/pico_double/double_aeabi.S.obj
                0x10004110                __wrap___aeabi_dcmplt
 .text.__wrap___aeabi_dcmple
                0x1000411c       0x10 CMakeFiles/myblink_w.dir/C_/Program_Files/Raspberry_Pi/Pico_SDK_v1.5.1/pico-sdk/src/rp2_common/pico_double/double_aeabi.S.obj
                0x1000411c                __wrap___aeabi_dcmple
 .text.__wrap___aeabi_dcmpge
                0x1000412c       0x10 CMakeFiles/myblink_w.dir/C_/Program_Files/Raspberry_Pi/Pico_SDK_v1.5.1/pico-sdk/src/rp2_common/pico_double/double_aeabi.S.obj
                0x1000412c                __wrap___aeabi_dcmpge
 .text.__wrap___aeabi_dcmpgt
                0x1000413c        0xa CMakeFiles/myblink_w.dir/C_/Program_Files/Raspberry_Pi/Pico_SDK_v1.5.1/pico-sdk/src/rp2_common/pico_double/double_aeabi.S.obj
                0x1000413c                __wrap___aeabi_dcmpgt
 .text.__wrap___aeabi_dcmpun
                0x10004146       0x1c CMakeFiles/myblink_w.dir/C_/Program_Files/Raspberry_Pi/Pico_SDK_v1.5.1/pico-sdk/src/rp2_common/pico_double/double_aeabi.S.obj
                0x10004146                __wrap___aeabi_dcmpun
 *fill*         0x10004162        0x2 
 .text.__wrap___aeabi_i2d
                0x10004164       0x38 CMakeFiles/myblink_w.dir/C_/Program_Files/Raspberry_Pi/Pico_SDK_v1.5.1/pico-sdk/src/rp2_common/pico_double/double_aeabi.S.obj
                0x10004164                __wrap___aeabi_ui2d
                0x1000416c                __wrap___aeabi_i2d
 .text.__wrap___aeabi_d2iz
                0x1000419c       0x48 CMakeFiles/myblink_w.dir/C_/Program_Files/Raspberry_Pi/Pico_SDK_v1.5.1/pico-sdk/src/rp2_common/pico_double/double_aeabi.S.obj
                0x1000419c                double2int_z
                0x1000419c                __wrap___aeabi_d2iz
 .text.__wrap___aeabi_d2uiz
                0x100041e4       0x10 CMakeFiles/myblink_w.dir/C_/Program_Files/Raspberry_Pi/Pico_SDK_v1.5.1/pico-sdk/src/rp2_common/pico_double/double_aeabi.S.obj
                0x100041e4                __wrap___aeabi_d2uiz
                0x100041e4                double2uint
 .text.__wrap___aeabi_d2f
                0x100041f4       0x10 CMakeFiles/myblink_w.dir/C_/Program_Files/Raspberry_Pi/Pico_SDK_v1.5.1/pico-sdk/src/rp2_common/pico_double/double_aeabi.S.obj
                0x100041f4                __wrap___aeabi_d2f
 .text.__wrap_srqt
                0x10004204       0x10 CMakeFiles/myblink_w.dir/C_/Program_Files/Raspberry_Pi/Pico_SDK_v1.5.1/pico-sdk/src/rp2_common/pico_double/double_aeabi.S.obj
                0x10004204                __wrap_sqrt
 .text.__wrap_atan2
                0x10004214       0x10 CMakeFiles/myblink_w.dir/C_/Program_Files/Raspberry_Pi/Pico_SDK_v1.5.1/pico-sdk/src/rp2_common/pico_double/double_aeabi.S.obj
                0x10004214                __wrap_atan2
 .text.missing_double_func_shim
                0x10004224        0xc CMakeFiles/myblink_w.dir/C_/Program_Files/Raspberry_Pi/Pico_SDK_v1.5.1/pico-sdk/src/rp2_common/pico_double/double_init_rom.c.obj
 .text.__aeabi_double_init
                0x10004230       0xcc CMakeFiles/myblink_w.dir/C_/Program_Files/Raspberry_Pi/Pico_SDK_v1.5.1/pico-sdk/src/rp2_common/pico_double/double_init_rom.c.obj
                0x10004230                __aeabi_double_init
 .text.double_table_shim_on_use_helper
                0x100042fc       0x34 CMakeFiles/myblink_w.dir/C_/Program_Files/Raspberry_Pi/Pico_SDK_v1.5.1/pico-sdk/src/rp2_common/pico_double/double_v1_rom_shim.S.obj
                0x100042fc                double_table_shim_on_use_helper
 .text.__aeabi_lmul
                0x10004330       0x32 CMakeFiles/myblink_w.dir/C_/Program_Files/Raspberry_Pi/Pico_SDK_v1.5.1/pico-sdk/src/rp2_common/pico_int64_ops/pico_int64_ops_aeabi.S.obj
                0x10004330                __wrap___aeabi_lmul
 *fill*         0x10004362        0x2 
 .text.__wrap___aeabi_farithmetic
                0x10004364       0x48 CMakeFiles/myblink_w.dir/C_/Program_Files/Raspberry_Pi/Pico_SDK_v1.5.1/pico-sdk/src/rp2_common/pico_float/float_aeabi.S.obj
                0x10004364                __wrap___aeabi_frsub
                0x1000436a                __wrap___aeabi_fsub
                0x10004370                __wrap___aeabi_fadd
                0x10004376                __wrap___aeabi_fdiv
                0x1000439e                __wrap___aeabi_fmul
 .text.__wrap___aeabi_cfcmple
                0x100043ac       0x50 CMakeFiles/myblink_w.dir/C_/Program_Files/Raspberry_Pi/Pico_SDK_v1.5.1/pico-sdk/src/rp2_common/pico_float/float_aeabi.S.obj
                0x100043ac                __wrap___aeabi_cfrcmple
                0x100043b8                __wrap___aeabi_cfcmple
                0x100043b8                __wrap___aeabi_cfcmpeq
 .text.__wrap___aeabi_fcmplt
                0x100043fc        0xc CMakeFiles/myblink_w.dir/C_/Program_Files/Raspberry_Pi/Pico_SDK_v1.5.1/pico-sdk/src/rp2_common/pico_float/float_aeabi.S.obj
                0x100043fc                __wrap___aeabi_fcmplt
 .text.__wrap___aeabi_fcmpgt
                0x10004408        0xa CMakeFiles/myblink_w.dir/C_/Program_Files/Raspberry_Pi/Pico_SDK_v1.5.1/pico-sdk/src/rp2_common/pico_float/float_aeabi.S.obj
                0x10004408                __wrap___aeabi_fcmpgt
 .text.__wrap___aeabi_ui2f
                0x10004412        0xa CMakeFiles/myblink_w.dir/C_/Program_Files/Raspberry_Pi/Pico_SDK_v1.5.1/pico-sdk/src/rp2_common/pico_float/float_aeabi.S.obj
                0x10004412                __wrap___aeabi_ui2f
 .text.__wrap___aeabi_i2f
                0x1000441c       0x44 CMakeFiles/myblink_w.dir/C_/Program_Files/Raspberry_Pi/Pico_SDK_v1.5.1/pico-sdk/src/rp2_common/pico_float/float_aeabi.S.obj
                0x1000441c                __wrap___aeabi_i2f
 .text.__wrap___aeabi_f2uiz
                0x10004460        0xc CMakeFiles/myblink_w.dir/C_/Program_Files/Raspberry_Pi/Pico_SDK_v1.5.1/pico-sdk/src/rp2_common/pico_float/float_aeabi.S.obj
                0x10004460                __wrap___aeabi_f2uiz
 .text.__wrap___aeabi_f2d
                0x1000446c        0xc CMakeFiles/myblink_w.dir/C_/Program_Files/Raspberry_Pi/Pico_SDK_v1.5.1/pico-sdk/src/rp2_common/pico_float/float_aeabi.S.obj
                0x1000446c                __wrap___aeabi_f2d
 .text.missing_float_func_shim
                0x10004478        0xc CMakeFiles/myblink_w.dir/C_/Program_Files/Raspberry_Pi/Pico_SDK_v1.5.1/pico-sdk/src/rp2_common/pico_float/float_init_rom.c.obj
 .text.__aeabi_float_init
                0x10004484       0x88 CMakeFiles/myblink_w.dir/C_/Program_Files/Raspberry_Pi/Pico_SDK_v1.5.1/pico-sdk/src/rp2_common/pico_float/float_init_rom.c.obj
                0x10004484                __aeabi_float_init
 .text          0x1000450c       0x10 CMakeFiles/myblink_w.dir/C_/Program_Files/Raspberry_Pi/Pico_SDK_v1.5.1/pico-sdk/src/rp2_common/pico_mem_ops/mem_ops_aeabi.S.obj
                0x1000450c                __aeabi_mem_init
 .text.memset   0x1000451c        0xc CMakeFiles/myblink_w.dir/C_/Program_Files/Raspberry_Pi/Pico_SDK_v1.5.1/pico-sdk/src/rp2_common/pico_mem_ops/mem_ops_aeabi.S.obj
                0x1000451c                __wrap_memset
 .text.memcpy   0x10004528        0xc CMakeFiles/myblink_w.dir/C_/Program_Files/Raspberry_Pi/Pico_SDK_v1.5.1/pico-sdk/src/rp2_common/pico_mem_ops/mem_ops_aeabi.S.obj
                0x10004528                __wrap_memcpy
                0x10004528                __wrap___aeabi_memcpy
 .text.stdio_out_chars_no_crlf
                0x10004534        0xe CMakeFiles/myblink_w.dir/C_/Program_Files/Raspberry_Pi/Pico_SDK_v1.5.1/pico-sdk/src/rp2_common/pico_stdio/stdio.c.obj
 *fill*         0x10004542        0x2 
 .text.stdio_out_chars_crlf
                0x10004544       0x80 CMakeFiles/myblink_w.dir/C_/Program_Files/Raspberry_Pi/Pico_SDK_v1.5.1/pico-sdk/src/rp2_common/pico_stdio/stdio.c.obj
 .text.stdio_stack_buffer_flush
                0x100045c4       0x44 CMakeFiles/myblink_w.dir/C_/Program_Files/Raspberry_Pi/Pico_SDK_v1.5.1/pico-sdk/src/rp2_common/pico_stdio/stdio.c.obj
 .text.stdio_buffered_printer
                0x10004608       0x20 CMakeFiles/myblink_w.dir/C_/Program_Files/Raspberry_Pi/Pico_SDK_v1.5.1/pico-sdk/src/rp2_common/pico_stdio/stdio.c.obj
 .text.stdout_serialize_begin
                0x10004628       0x5c CMakeFiles/myblink_w.dir/C_/Program_Files/Raspberry_Pi/Pico_SDK_v1.5.1/pico-sdk/src/rp2_common/pico_stdio/stdio.c.obj
                0x10004628                stdout_serialize_begin
 .text.stdout_serialize_end
                0x10004684       0x10 CMakeFiles/myblink_w.dir/C_/Program_Files/Raspberry_Pi/Pico_SDK_v1.5.1/pico-sdk/src/rp2_common/pico_stdio/stdio.c.obj
                0x10004684                stdout_serialize_end
 .text.stdio_put_string
                0x10004694       0x98 CMakeFiles/myblink_w.dir/C_/Program_Files/Raspberry_Pi/Pico_SDK_v1.5.1/pico-sdk/src/rp2_common/pico_stdio/stdio.c.obj
 .text.stdio_set_driver_enabled
                0x1000472c       0x2c CMakeFiles/myblink_w.dir/C_/Program_Files/Raspberry_Pi/Pico_SDK_v1.5.1/pico-sdk/src/rp2_common/pico_stdio/stdio.c.obj
                0x1000472c                stdio_set_driver_enabled
 .text.stdio_flush
                0x10004758       0x20 CMakeFiles/myblink_w.dir/C_/Program_Files/Raspberry_Pi/Pico_SDK_v1.5.1/pico-sdk/src/rp2_common/pico_stdio/stdio.c.obj
                0x10004758                stdio_flush
 .text.__wrap_puts
                0x10004778       0x1e CMakeFiles/myblink_w.dir/C_/Program_Files/Raspberry_Pi/Pico_SDK_v1.5.1/pico-sdk/src/rp2_common/pico_stdio/stdio.c.obj
                0x10004778                __wrap_puts
 *fill*         0x10004796        0x2 
 .text.__wrap_vprintf
                0x10004798       0x40 CMakeFiles/myblink_w.dir/C_/Program_Files/Raspberry_Pi/Pico_SDK_v1.5.1/pico-sdk/src/rp2_common/pico_stdio/stdio.c.obj
                0x10004798                __wrap_vprintf
 .text.__wrap_printf
                0x100047d8       0x18 CMakeFiles/myblink_w.dir/C_/Program_Files/Raspberry_Pi/Pico_SDK_v1.5.1/pico-sdk/src/rp2_common/pico_stdio/stdio.c.obj
                0x100047d8                __wrap_printf
 .text.stdio_init_all
                0x100047f0        0x8 CMakeFiles/myblink_w.dir/C_/Program_Files/Raspberry_Pi/Pico_SDK_v1.5.1/pico-sdk/src/rp2_common/pico_stdio/stdio.c.obj
                0x100047f0                stdio_init_all
 .text.resetd_init
                0x100047f8        0x2 CMakeFiles/myblink_w.dir/C_/Program_Files/Raspberry_Pi/Pico_SDK_v1.5.1/pico-sdk/src/rp2_common/pico_stdio_usb/reset_interface.c.obj
 *fill*         0x100047fa        0x2 
 .text.resetd_reset
                0x100047fc        0xc CMakeFiles/myblink_w.dir/C_/Program_Files/Raspberry_Pi/Pico_SDK_v1.5.1/pico-sdk/src/rp2_common/pico_stdio_usb/reset_interface.c.obj
 .text.resetd_open
                0x10004808       0x34 CMakeFiles/myblink_w.dir/C_/Program_Files/Raspberry_Pi/Pico_SDK_v1.5.1/pico-sdk/src/rp2_common/pico_stdio_usb/reset_interface.c.obj
 .text.resetd_xfer_cb
                0x1000483c        0x4 CMakeFiles/myblink_w.dir/C_/Program_Files/Raspberry_Pi/Pico_SDK_v1.5.1/pico-sdk/src/rp2_common/pico_stdio_usb/reset_interface.c.obj
 .text.reset_usb_boot
                0x10004840       0x18 CMakeFiles/myblink_w.dir/C_/Program_Files/Raspberry_Pi/Pico_SDK_v1.5.1/pico-sdk/src/rp2_common/pico_stdio_usb/reset_interface.c.obj
 .text.resetd_control_xfer_cb
                0x10004858       0x5c CMakeFiles/myblink_w.dir/C_/Program_Files/Raspberry_Pi/Pico_SDK_v1.5.1/pico-sdk/src/rp2_common/pico_stdio_usb/reset_interface.c.obj
 .text.usbd_app_driver_get_cb
                0x100048b4        0xc CMakeFiles/myblink_w.dir/C_/Program_Files/Raspberry_Pi/Pico_SDK_v1.5.1/pico-sdk/src/rp2_common/pico_stdio_usb/reset_interface.c.obj
                0x100048b4                usbd_app_driver_get_cb
 .text.tud_cdc_line_coding_cb
                0x100048c0       0x28 CMakeFiles/myblink_w.dir/C_/Program_Files/Raspberry_Pi/Pico_SDK_v1.5.1/pico-sdk/src/rp2_common/pico_stdio_usb/reset_interface.c.obj
                0x100048c0                tud_cdc_line_coding_cb
 .text.stdio_usb_set_chars_available_callback
                0x100048e8       0x14 CMakeFiles/myblink_w.dir/C_/Program_Files/Raspberry_Pi/Pico_SDK_v1.5.1/pico-sdk/src/rp2_common/pico_stdio_usb/stdio_usb.c.obj
                0x100048e8                stdio_usb_set_chars_available_callback
 .text.usb_irq  0x100048fc       0x10 CMakeFiles/myblink_w.dir/C_/Program_Files/Raspberry_Pi/Pico_SDK_v1.5.1/pico-sdk/src/rp2_common/pico_stdio_usb/stdio_usb.c.obj
 .text.timer_task
                0x1000490c       0x5c CMakeFiles/myblink_w.dir/C_/Program_Files/Raspberry_Pi/Pico_SDK_v1.5.1/pico-sdk/src/rp2_common/pico_stdio_usb/stdio_usb.c.obj
 .text.low_priority_worker_irq
                0x10004968       0xdc CMakeFiles/myblink_w.dir/C_/Program_Files/Raspberry_Pi/Pico_SDK_v1.5.1/pico-sdk/src/rp2_common/pico_stdio_usb/stdio_usb.c.obj
 .text.tud_cdc_rx_cb
                0x10004a44       0x20 CMakeFiles/myblink_w.dir/C_/Program_Files/Raspberry_Pi/Pico_SDK_v1.5.1/pico-sdk/src/rp2_common/pico_stdio_usb/stdio_usb.c.obj
                0x10004a44                tud_cdc_rx_cb
 .text.stdio_usb_init
                0x10004a64      0x11c CMakeFiles/myblink_w.dir/C_/Program_Files/Raspberry_Pi/Pico_SDK_v1.5.1/pico-sdk/src/rp2_common/pico_stdio_usb/stdio_usb.c.obj
                0x10004a64                stdio_usb_init
 .text.stdio_usb_connected
                0x10004b80        0xa CMakeFiles/myblink_w.dir/C_/Program_Files/Raspberry_Pi/Pico_SDK_v1.5.1/pico-sdk/src/rp2_common/pico_stdio_usb/stdio_usb.c.obj
                0x10004b80                stdio_usb_connected
 *fill*         0x10004b8a        0x2 
 .text.stdio_usb_in_chars
                0x10004b8c       0xc4 CMakeFiles/myblink_w.dir/C_/Program_Files/Raspberry_Pi/Pico_SDK_v1.5.1/pico-sdk/src/rp2_common/pico_stdio_usb/stdio_usb.c.obj
                0x10004b8c                stdio_usb_in_chars
 .text.stdio_usb_out_chars
                0x10004c50      0x114 CMakeFiles/myblink_w.dir/C_/Program_Files/Raspberry_Pi/Pico_SDK_v1.5.1/pico-sdk/src/rp2_common/pico_stdio_usb/stdio_usb.c.obj
 .text.tud_descriptor_device_cb
                0x10004d64        0x8 CMakeFiles/myblink_w.dir/C_/Program_Files/Raspberry_Pi/Pico_SDK_v1.5.1/pico-sdk/src/rp2_common/pico_stdio_usb/stdio_usb_descriptors.c.obj
                0x10004d64                tud_descriptor_device_cb
 .text.tud_descriptor_configuration_cb
                0x10004d6c        0x8 CMakeFiles/myblink_w.dir/C_/Program_Files/Raspberry_Pi/Pico_SDK_v1.5.1/pico-sdk/src/rp2_common/pico_stdio_usb/stdio_usb_descriptors.c.obj
                0x10004d6c                tud_descriptor_configuration_cb
 .text.tud_descriptor_string_cb
                0x10004d74       0x6c CMakeFiles/myblink_w.dir/C_/Program_Files/Raspberry_Pi/Pico_SDK_v1.5.1/pico-sdk/src/rp2_common/pico_stdio_usb/stdio_usb_descriptors.c.obj
                0x10004d74                tud_descriptor_string_cb
 .text._retrieve_unique_id_on_boot
                0x10004de0       0x10 CMakeFiles/myblink_w.dir/C_/Program_Files/Raspberry_Pi/Pico_SDK_v1.5.1/pico-sdk/src/rp2_common/pico_unique_id/unique_id.c.obj
 .text.pico_get_unique_board_id_string
                0x10004df0       0x60 CMakeFiles/myblink_w.dir/C_/Program_Files/Raspberry_Pi/Pico_SDK_v1.5.1/pico-sdk/src/rp2_common/pico_unique_id/unique_id.c.obj
                0x10004df0                pico_get_unique_board_id_string
 .text.flash_get_unique_id
                0x10004e50       0x46 CMakeFiles/myblink_w.dir/C_/Program_Files/Raspberry_Pi/Pico_SDK_v1.5.1/pico-sdk/src/rp2_common/hardware_flash/flash.c.obj
                0x10004e50                flash_get_unique_id
 *fill*         0x10004e96        0x2 
 .text.hw_endpoint_get_by_addr
                0x10004e98       0x18 CMakeFiles/myblink_w.dir/C_/Program_Files/Raspberry_Pi/Pico_SDK_v1.5.1/pico-sdk/lib/tinyusb/src/portable/raspberrypi/rp2040/dcd_rp2040.c.obj
 .text._hw_endpoint_alloc
                0x10004eb0       0x70 CMakeFiles/myblink_w.dir/C_/Program_Files/Raspberry_Pi/Pico_SDK_v1.5.1/pico-sdk/lib/tinyusb/src/portable/raspberrypi/rp2040/dcd_rp2040.c.obj
 .text.hw_endpoint_init
                0x10004f20       0x88 CMakeFiles/myblink_w.dir/C_/Program_Files/Raspberry_Pi/Pico_SDK_v1.5.1/pico-sdk/lib/tinyusb/src/portable/raspberrypi/rp2040/dcd_rp2040.c.obj
 .text.hw_endpoint_xfer
                0x10004fa8       0x14 CMakeFiles/myblink_w.dir/C_/Program_Files/Raspberry_Pi/Pico_SDK_v1.5.1/pico-sdk/lib/tinyusb/src/portable/raspberrypi/rp2040/dcd_rp2040.c.obj
 .text.dcd_int_enable
                0x10004fbc       0x2c CMakeFiles/myblink_w.dir/C_/Program_Files/Raspberry_Pi/Pico_SDK_v1.5.1/pico-sdk/lib/tinyusb/src/portable/raspberrypi/rp2040/dcd_rp2040.c.obj
                0x10004fbc                dcd_int_enable
 .text.dcd_set_address
                0x10004fe8       0x2c CMakeFiles/myblink_w.dir/C_/Program_Files/Raspberry_Pi/Pico_SDK_v1.5.1/pico-sdk/lib/tinyusb/src/portable/raspberrypi/rp2040/dcd_rp2040.c.obj
                0x10004fe8                dcd_set_address
 .text.dcd_connect
                0x10005014       0x10 CMakeFiles/myblink_w.dir/C_/Program_Files/Raspberry_Pi/Pico_SDK_v1.5.1/pico-sdk/lib/tinyusb/src/portable/raspberrypi/rp2040/dcd_rp2040.c.obj
                0x10005014                dcd_connect
 .text.dcd_init
                0x10005024       0x80 CMakeFiles/myblink_w.dir/C_/Program_Files/Raspberry_Pi/Pico_SDK_v1.5.1/pico-sdk/lib/tinyusb/src/portable/raspberrypi/rp2040/dcd_rp2040.c.obj
                0x10005024                dcd_init
 .text.dcd_edpt0_status_complete
                0x100050a4       0x1c CMakeFiles/myblink_w.dir/C_/Program_Files/Raspberry_Pi/Pico_SDK_v1.5.1/pico-sdk/lib/tinyusb/src/portable/raspberrypi/rp2040/dcd_rp2040.c.obj
                0x100050a4                dcd_edpt0_status_complete
 .text.dcd_edpt_open
                0x100050c0       0x40 CMakeFiles/myblink_w.dir/C_/Program_Files/Raspberry_Pi/Pico_SDK_v1.5.1/pico-sdk/lib/tinyusb/src/portable/raspberrypi/rp2040/dcd_rp2040.c.obj
                0x100050c0                dcd_edpt_open
 .text.dcd_edpt_close_all
                0x10005100        0x8 CMakeFiles/myblink_w.dir/C_/Program_Files/Raspberry_Pi/Pico_SDK_v1.5.1/pico-sdk/lib/tinyusb/src/portable/raspberrypi/rp2040/dcd_rp2040.c.obj
                0x10005100                dcd_edpt_close_all
 .text.dcd_edpt_xfer
                0x10005108       0x34 CMakeFiles/myblink_w.dir/C_/Program_Files/Raspberry_Pi/Pico_SDK_v1.5.1/pico-sdk/lib/tinyusb/src/portable/raspberrypi/rp2040/dcd_rp2040.c.obj
                0x10005108                dcd_edpt_xfer
 .text.dcd_edpt_stall
                0x1000513c       0x2c CMakeFiles/myblink_w.dir/C_/Program_Files/Raspberry_Pi/Pico_SDK_v1.5.1/pico-sdk/lib/tinyusb/src/portable/raspberrypi/rp2040/dcd_rp2040.c.obj
                0x1000513c                dcd_edpt_stall
 .text.dcd_edpt_clear_stall
                0x10005168       0x20 CMakeFiles/myblink_w.dir/C_/Program_Files/Raspberry_Pi/Pico_SDK_v1.5.1/pico-sdk/lib/tinyusb/src/portable/raspberrypi/rp2040/dcd_rp2040.c.obj
                0x10005168                dcd_edpt_clear_stall
 .text.rp2040_usb_init
                0x10005188       0x4c CMakeFiles/myblink_w.dir/C_/Program_Files/Raspberry_Pi/Pico_SDK_v1.5.1/pico-sdk/lib/tinyusb/src/portable/raspberrypi/rp2040/rp2040_usb.c.obj
                0x10005188                rp2040_usb_init
 .text.hw_endpoint_xfer_start
                0x100051d4       0x50 CMakeFiles/myblink_w.dir/C_/Program_Files/Raspberry_Pi/Pico_SDK_v1.5.1/pico-sdk/lib/tinyusb/src/portable/raspberrypi/rp2040/rp2040_usb.c.obj
                0x100051d4                hw_endpoint_xfer_start
 .text.configuration_reset
                0x10005224       0x84 CMakeFiles/myblink_w.dir/C_/Program_Files/Raspberry_Pi/Pico_SDK_v1.5.1/pico-sdk/lib/tinyusb/src/device/usbd.c.obj
 .text.usbd_reset
                0x100052a8        0xc CMakeFiles/myblink_w.dir/C_/Program_Files/Raspberry_Pi/Pico_SDK_v1.5.1/pico-sdk/lib/tinyusb/src/device/usbd.c.obj
 .text.invoke_class_control
                0x100052b4       0x1a CMakeFiles/myblink_w.dir/C_/Program_Files/Raspberry_Pi/Pico_SDK_v1.5.1/pico-sdk/lib/tinyusb/src/device/usbd.c.obj
 *fill*         0x100052ce        0x2 
 .text.process_set_config
                0x100052d0      0x178 CMakeFiles/myblink_w.dir/C_/Program_Files/Raspberry_Pi/Pico_SDK_v1.5.1/pico-sdk/lib/tinyusb/src/device/usbd.c.obj
 .text.process_get_descriptor
                0x10005448       0xdc CMakeFiles/myblink_w.dir/C_/Program_Files/Raspberry_Pi/Pico_SDK_v1.5.1/pico-sdk/lib/tinyusb/src/device/usbd.c.obj
 .text.tud_mounted
                0x10005524       0x10 CMakeFiles/myblink_w.dir/C_/Program_Files/Raspberry_Pi/Pico_SDK_v1.5.1/pico-sdk/lib/tinyusb/src/device/usbd.c.obj
                0x10005524                tud_mounted
 .text.tud_suspended
                0x10005534       0x10 CMakeFiles/myblink_w.dir/C_/Program_Files/Raspberry_Pi/Pico_SDK_v1.5.1/pico-sdk/lib/tinyusb/src/device/usbd.c.obj
                0x10005534                tud_suspended
 .text.tud_inited
                0x10005544       0x14 CMakeFiles/myblink_w.dir/C_/Program_Files/Raspberry_Pi/Pico_SDK_v1.5.1/pico-sdk/lib/tinyusb/src/device/usbd.c.obj
                0x10005544                tud_inited
 .text.tud_init
                0x10005558       0xcc CMakeFiles/myblink_w.dir/C_/Program_Files/Raspberry_Pi/Pico_SDK_v1.5.1/pico-sdk/lib/tinyusb/src/device/usbd.c.obj
                0x10005558                tud_init
 .text.usbd_defer_func
                0x10005624       0x2a CMakeFiles/myblink_w.dir/C_/Program_Files/Raspberry_Pi/Pico_SDK_v1.5.1/pico-sdk/lib/tinyusb/src/device/usbd.c.obj
                0x10005624                usbd_defer_func
 *fill*         0x1000564e        0x2 
 .text.usbd_edpt_open
                0x10005650       0x34 CMakeFiles/myblink_w.dir/C_/Program_Files/Raspberry_Pi/Pico_SDK_v1.5.1/pico-sdk/lib/tinyusb/src/device/usbd.c.obj
                0x10005650                usbd_edpt_open
 .text.usbd_open_edpt_pair
                0x10005684       0x62 CMakeFiles/myblink_w.dir/C_/Program_Files/Raspberry_Pi/Pico_SDK_v1.5.1/pico-sdk/lib/tinyusb/src/device/usbd.c.obj
                0x10005684                usbd_open_edpt_pair
 *fill*         0x100056e6        0x2 
 .text.usbd_edpt_claim
                0x100056e8       0x28 CMakeFiles/myblink_w.dir/C_/Program_Files/Raspberry_Pi/Pico_SDK_v1.5.1/pico-sdk/lib/tinyusb/src/device/usbd.c.obj
                0x100056e8                usbd_edpt_claim
 .text.usbd_edpt_release
                0x10005710       0x28 CMakeFiles/myblink_w.dir/C_/Program_Files/Raspberry_Pi/Pico_SDK_v1.5.1/pico-sdk/lib/tinyusb/src/device/usbd.c.obj
                0x10005710                usbd_edpt_release
 .text.usbd_edpt_xfer
                0x10005738       0x78 CMakeFiles/myblink_w.dir/C_/Program_Files/Raspberry_Pi/Pico_SDK_v1.5.1/pico-sdk/lib/tinyusb/src/device/usbd.c.obj
                0x10005738                usbd_edpt_xfer
 .text.usbd_edpt_stall
                0x100057b0       0x48 CMakeFiles/myblink_w.dir/C_/Program_Files/Raspberry_Pi/Pico_SDK_v1.5.1/pico-sdk/lib/tinyusb/src/device/usbd.c.obj
                0x100057b0                usbd_edpt_stall
 .text.usbd_edpt_clear_stall
                0x100057f8       0x48 CMakeFiles/myblink_w.dir/C_/Program_Files/Raspberry_Pi/Pico_SDK_v1.5.1/pico-sdk/lib/tinyusb/src/device/usbd.c.obj
                0x100057f8                usbd_edpt_clear_stall
 .text.usbd_edpt_stalled
                0x10005840       0x1c CMakeFiles/myblink_w.dir/C_/Program_Files/Raspberry_Pi/Pico_SDK_v1.5.1/pico-sdk/lib/tinyusb/src/device/usbd.c.obj
                0x10005840                usbd_edpt_stalled
 .text.process_control_request
                0x1000585c      0x37c CMakeFiles/myblink_w.dir/C_/Program_Files/Raspberry_Pi/Pico_SDK_v1.5.1/pico-sdk/lib/tinyusb/src/device/usbd.c.obj
 .text.tud_task_ext
                0x10005bd8      0x1b8 CMakeFiles/myblink_w.dir/C_/Program_Files/Raspberry_Pi/Pico_SDK_v1.5.1/pico-sdk/lib/tinyusb/src/device/usbd.c.obj
                0x10005bd8                tud_task_ext
 .text._data_stage_xact
                0x10005d90       0x58 CMakeFiles/myblink_w.dir/C_/Program_Files/Raspberry_Pi/Pico_SDK_v1.5.1/pico-sdk/lib/tinyusb/src/device/usbd_control.c.obj
 .text.tud_control_status
                0x10005de8       0x38 CMakeFiles/myblink_w.dir/C_/Program_Files/Raspberry_Pi/Pico_SDK_v1.5.1/pico-sdk/lib/tinyusb/src/device/usbd_control.c.obj
                0x10005de8                tud_control_status
 .text.tud_control_xfer
                0x10005e20       0x74 CMakeFiles/myblink_w.dir/C_/Program_Files/Raspberry_Pi/Pico_SDK_v1.5.1/pico-sdk/lib/tinyusb/src/device/usbd_control.c.obj
                0x10005e20                tud_control_xfer
 .text.usbd_control_reset
                0x10005e94       0x14 CMakeFiles/myblink_w.dir/C_/Program_Files/Raspberry_Pi/Pico_SDK_v1.5.1/pico-sdk/lib/tinyusb/src/device/usbd_control.c.obj
                0x10005e94                usbd_control_reset
 .text.usbd_control_set_complete_callback
                0x10005ea8        0xc CMakeFiles/myblink_w.dir/C_/Program_Files/Raspberry_Pi/Pico_SDK_v1.5.1/pico-sdk/lib/tinyusb/src/device/usbd_control.c.obj
                0x10005ea8                usbd_control_set_complete_callback
 .text.usbd_control_set_request
                0x10005eb4       0x1c CMakeFiles/myblink_w.dir/C_/Program_Files/Raspberry_Pi/Pico_SDK_v1.5.1/pico-sdk/lib/tinyusb/src/device/usbd_control.c.obj
                0x10005eb4                usbd_control_set_request
 .text.usbd_control_xfer_cb
                0x10005ed0       0xcc CMakeFiles/myblink_w.dir/C_/Program_Files/Raspberry_Pi/Pico_SDK_v1.5.1/pico-sdk/lib/tinyusb/src/device/usbd_control.c.obj
                0x10005ed0                usbd_control_xfer_cb
 .text._prep_out_transaction
                0x10005f9c       0x4a CMakeFiles/myblink_w.dir/C_/Program_Files/Raspberry_Pi/Pico_SDK_v1.5.1/pico-sdk/lib/tinyusb/src/class/cdc/cdc_device.c.obj
 *fill*         0x10005fe6        0x2 
 .text.tud_cdc_n_connected
                0x10005fe8       0x44 CMakeFiles/myblink_w.dir/C_/Program_Files/Raspberry_Pi/Pico_SDK_v1.5.1/pico-sdk/lib/tinyusb/src/class/cdc/cdc_device.c.obj
                0x10005fe8                tud_cdc_n_connected
 .text.tud_cdc_n_available
                0x1000602c       0x18 CMakeFiles/myblink_w.dir/C_/Program_Files/Raspberry_Pi/Pico_SDK_v1.5.1/pico-sdk/lib/tinyusb/src/class/cdc/cdc_device.c.obj
                0x1000602c                tud_cdc_n_available
 .text.tud_cdc_n_read
                0x10006044       0x28 CMakeFiles/myblink_w.dir/C_/Program_Files/Raspberry_Pi/Pico_SDK_v1.5.1/pico-sdk/lib/tinyusb/src/class/cdc/cdc_device.c.obj
                0x10006044                tud_cdc_n_read
 .text.tud_cdc_n_write_flush
                0x1000606c       0xb8 CMakeFiles/myblink_w.dir/C_/Program_Files/Raspberry_Pi/Pico_SDK_v1.5.1/pico-sdk/lib/tinyusb/src/class/cdc/cdc_device.c.obj
                0x1000606c                tud_cdc_n_write_flush
 .text.tud_cdc_n_write
                0x10006124       0x38 CMakeFiles/myblink_w.dir/C_/Program_Files/Raspberry_Pi/Pico_SDK_v1.5.1/pico-sdk/lib/tinyusb/src/class/cdc/cdc_device.c.obj
                0x10006124                tud_cdc_n_write
 .text.tud_cdc_n_write_available
                0x1000615c       0x1c CMakeFiles/myblink_w.dir/C_/Program_Files/Raspberry_Pi/Pico_SDK_v1.5.1/pico-sdk/lib/tinyusb/src/class/cdc/cdc_device.c.obj
                0x1000615c                tud_cdc_n_write_available
 .text.cdcd_init
                0x10006178       0xbc CMakeFiles/myblink_w.dir/C_/Program_Files/Raspberry_Pi/Pico_SDK_v1.5.1/pico-sdk/lib/tinyusb/src/class/cdc/cdc_device.c.obj
                0x10006178                cdcd_init
 .text.cdcd_reset
                0x10006234       0x44 CMakeFiles/myblink_w.dir/C_/Program_Files/Raspberry_Pi/Pico_SDK_v1.5.1/pico-sdk/lib/tinyusb/src/class/cdc/cdc_device.c.obj
                0x10006234                cdcd_reset
 .text.cdcd_open
                0x10006278       0xcc CMakeFiles/myblink_w.dir/C_/Program_Files/Raspberry_Pi/Pico_SDK_v1.5.1/pico-sdk/lib/tinyusb/src/class/cdc/cdc_device.c.obj
                0x10006278                cdcd_open
 .text.cdcd_control_xfer_cb
                0x10006344      0x134 CMakeFiles/myblink_w.dir/C_/Program_Files/Raspberry_Pi/Pico_SDK_v1.5.1/pico-sdk/lib/tinyusb/src/class/cdc/cdc_device.c.obj
                0x10006344                cdcd_control_xfer_cb
 .text.cdcd_xfer_cb
                0x10006478      0x130 CMakeFiles/myblink_w.dir/C_/Program_Files/Raspberry_Pi/Pico_SDK_v1.5.1/pico-sdk/lib/tinyusb/src/class/cdc/cdc_device.c.obj
                0x10006478                cdcd_xfer_cb
 .text.tusb_init
                0x100065a8        0xa CMakeFiles/myblink_w.dir/C_/Program_Files/Raspberry_Pi/Pico_SDK_v1.5.1/pico-sdk/lib/tinyusb/src/tusb.c.obj
                0x100065a8                tusb_init
 .text.tusb_inited
                0x100065b2        0xe CMakeFiles/myblink_w.dir/C_/Program_Files/Raspberry_Pi/Pico_SDK_v1.5.1/pico-sdk/lib/tinyusb/src/tusb.c.obj
                0x100065b2                tusb_inited
 .text.tu_edpt_claim
                0x100065c0       0x50 CMakeFiles/myblink_w.dir/C_/Program_Files/Raspberry_Pi/Pico_SDK_v1.5.1/pico-sdk/lib/tinyusb/src/tusb.c.obj
                0x100065c0                tu_edpt_claim
 .text.tu_edpt_release
                0x10006610       0x3c CMakeFiles/myblink_w.dir/C_/Program_Files/Raspberry_Pi/Pico_SDK_v1.5.1/pico-sdk/lib/tinyusb/src/tusb.c.obj
                0x10006610                tu_edpt_release
 .text.tu_edpt_validate
                0x1000664c       0x78 CMakeFiles/myblink_w.dir/C_/Program_Files/Raspberry_Pi/Pico_SDK_v1.5.1/pico-sdk/lib/tinyusb/src/tusb.c.obj
                0x1000664c                tu_edpt_validate
 .text.tu_edpt_bind_driver
                0x100066c4       0x26 CMakeFiles/myblink_w.dir/C_/Program_Files/Raspberry_Pi/Pico_SDK_v1.5.1/pico-sdk/lib/tinyusb/src/tusb.c.obj
                0x100066c4                tu_edpt_bind_driver
 .text.advance_index
                0x100066ea       0x1a CMakeFiles/myblink_w.dir/C_/Program_Files/Raspberry_Pi/Pico_SDK_v1.5.1/pico-sdk/lib/tinyusb/src/common/tusb_fifo.c.obj
 .text._tu_fifo_peek
                0x10006704       0x56 CMakeFiles/myblink_w.dir/C_/Program_Files/Raspberry_Pi/Pico_SDK_v1.5.1/pico-sdk/lib/tinyusb/src/common/tusb_fifo.c.obj
 .text._ff_pull_const_addr
                0x1000675a       0x4c CMakeFiles/myblink_w.dir/C_/Program_Files/Raspberry_Pi/Pico_SDK_v1.5.1/pico-sdk/lib/tinyusb/src/common/tusb_fifo.c.obj
 .text._ff_pull_n
                0x100067a6      0x110 CMakeFiles/myblink_w.dir/C_/Program_Files/Raspberry_Pi/Pico_SDK_v1.5.1/pico-sdk/lib/tinyusb/src/common/tusb_fifo.c.obj
 .text._tu_fifo_peek_n
                0x100068b6       0x6a CMakeFiles/myblink_w.dir/C_/Program_Files/Raspberry_Pi/Pico_SDK_v1.5.1/pico-sdk/lib/tinyusb/src/common/tusb_fifo.c.obj
 .text._tu_fifo_read_n
                0x10006920       0x4e CMakeFiles/myblink_w.dir/C_/Program_Files/Raspberry_Pi/Pico_SDK_v1.5.1/pico-sdk/lib/tinyusb/src/common/tusb_fifo.c.obj
 .text._ff_push_const_addr
                0x1000696e       0x40 CMakeFiles/myblink_w.dir/C_/Program_Files/Raspberry_Pi/Pico_SDK_v1.5.1/pico-sdk/lib/tinyusb/src/common/tusb_fifo.c.obj
 .text._ff_push_n
                0x100069ae      0x10c CMakeFiles/myblink_w.dir/C_/Program_Files/Raspberry_Pi/Pico_SDK_v1.5.1/pico-sdk/lib/tinyusb/src/common/tusb_fifo.c.obj
 .text._tu_fifo_write_n
                0x10006aba       0xf0 CMakeFiles/myblink_w.dir/C_/Program_Files/Raspberry_Pi/Pico_SDK_v1.5.1/pico-sdk/lib/tinyusb/src/common/tusb_fifo.c.obj
 .text.tu_fifo_config
                0x10006baa       0x7c CMakeFiles/myblink_w.dir/C_/Program_Files/Raspberry_Pi/Pico_SDK_v1.5.1/pico-sdk/lib/tinyusb/src/common/tusb_fifo.c.obj
                0x10006baa                tu_fifo_config
 .text.tu_fifo_count
                0x10006c26       0x2a CMakeFiles/myblink_w.dir/C_/Program_Files/Raspberry_Pi/Pico_SDK_v1.5.1/pico-sdk/lib/tinyusb/src/common/tusb_fifo.c.obj
                0x10006c26                tu_fifo_count
 .text.tu_fifo_empty
                0x10006c50       0x10 CMakeFiles/myblink_w.dir/C_/Program_Files/Raspberry_Pi/Pico_SDK_v1.5.1/pico-sdk/lib/tinyusb/src/common/tusb_fifo.c.obj
                0x10006c50                tu_fifo_empty
 .text.tu_fifo_full
                0x10006c60       0x28 CMakeFiles/myblink_w.dir/C_/Program_Files/Raspberry_Pi/Pico_SDK_v1.5.1/pico-sdk/lib/tinyusb/src/common/tusb_fifo.c.obj
                0x10006c60                tu_fifo_full
 .text.tu_fifo_remaining
                0x10006c88       0x2c CMakeFiles/myblink_w.dir/C_/Program_Files/Raspberry_Pi/Pico_SDK_v1.5.1/pico-sdk/lib/tinyusb/src/common/tusb_fifo.c.obj
                0x10006c88                tu_fifo_remaining
 .text.tu_fifo_read
                0x10006cb4       0x42 CMakeFiles/myblink_w.dir/C_/Program_Files/Raspberry_Pi/Pico_SDK_v1.5.1/pico-sdk/lib/tinyusb/src/common/tusb_fifo.c.obj
                0x10006cb4                tu_fifo_read
 .text.tu_fifo_read_n
                0x10006cf6        0xa CMakeFiles/myblink_w.dir/C_/Program_Files/Raspberry_Pi/Pico_SDK_v1.5.1/pico-sdk/lib/tinyusb/src/common/tusb_fifo.c.obj
                0x10006cf6                tu_fifo_read_n
 .text.tu_fifo_write
                0x10006d00       0x64 CMakeFiles/myblink_w.dir/C_/Program_Files/Raspberry_Pi/Pico_SDK_v1.5.1/pico-sdk/lib/tinyusb/src/common/tusb_fifo.c.obj
                0x10006d00                tu_fifo_write
 .text.tu_fifo_write_n
                0x10006d64        0xa CMakeFiles/myblink_w.dir/C_/Program_Files/Raspberry_Pi/Pico_SDK_v1.5.1/pico-sdk/lib/tinyusb/src/common/tusb_fifo.c.obj
                0x10006d64                tu_fifo_write_n
 .text.tu_fifo_clear
                0x10006d6e       0x3e CMakeFiles/myblink_w.dir/C_/Program_Files/Raspberry_Pi/Pico_SDK_v1.5.1/pico-sdk/lib/tinyusb/src/common/tusb_fifo.c.obj
                0x10006d6e                tu_fifo_clear
 .text.tu_fifo_set_overwritable
                0x10006dac       0x46 CMakeFiles/myblink_w.dir/C_/Program_Files/Raspberry_Pi/Pico_SDK_v1.5.1/pico-sdk/lib/tinyusb/src/common/tusb_fifo.c.obj
                0x10006dac                tu_fifo_set_overwritable
 .text.i2c_write_blocking_internal
                0x10006df2      0x140 CMakeFiles/myblink_w.dir/C_/Program_Files/Raspberry_Pi/Pico_SDK_v1.5.1/pico-sdk/src/rp2_common/hardware_i2c/i2c.c.obj
 .text.i2c_read_blocking_internal
                0x10006f32       0xe6 CMakeFiles/myblink_w.dir/C_/Program_Files/Raspberry_Pi/Pico_SDK_v1.5.1/pico-sdk/src/rp2_common/hardware_i2c/i2c.c.obj
 .text.i2c_set_baudrate
                0x10007018       0xf0 CMakeFiles/myblink_w.dir/C_/Program_Files/Raspberry_Pi/Pico_SDK_v1.5.1/pico-sdk/src/rp2_common/hardware_i2c/i2c.c.obj
                0x10007018                i2c_set_baudrate
 .text.i2c_init
                0x10007108       0x58 CMakeFiles/myblink_w.dir/C_/Program_Files/Raspberry_Pi/Pico_SDK_v1.5.1/pico-sdk/src/rp2_common/hardware_i2c/i2c.c.obj
                0x10007108                i2c_init
 .text.i2c_write_blocking
                0x10007160       0x18 CMakeFiles/myblink_w.dir/C_/Program_Files/Raspberry_Pi/Pico_SDK_v1.5.1/pico-sdk/src/rp2_common/hardware_i2c/i2c.c.obj
                0x10007160                i2c_write_blocking
 .text.i2c_read_blocking
                0x10007178       0x18 CMakeFiles/myblink_w.dir/C_/Program_Files/Raspberry_Pi/Pico_SDK_v1.5.1/pico-sdk/src/rp2_common/hardware_i2c/i2c.c.obj
                0x10007178                i2c_read_blocking
 .text.strlen   0x10007190       0x5c c:/progra~1/raspbe~1/picosd~1.1/gcc-ar~1/bin/../lib/gcc/arm-none-eabi/10.3.1/../../../../arm-none-eabi/lib/thumb/v6-m/nofp\libg.a(lib_a-strlen-stub.o)
                0x10007190                strlen
 *(.fini)
 .fini          0x100071ec        0x4 c:/progra~1/raspbe~1/picosd~1.1/gcc-ar~1/bin/../lib/gcc/arm-none-eabi/10.3.1/thumb/v6-m/nofp/crti.o
                0x100071ec                _fini
 .fini.__stub   0x100071f0       0xe0 linker stubs
 *crtbegin.o(.ctors)
 *crtbegin?.o(.ctors)
 *(EXCLUDE_FILE(*crtend.o *crtend?.o) .ctors)
 *(SORT_BY_NAME(.ctors.*))
 *(.ctors)
 *crtbegin.o(.dtors)
 *crtbegin?.o(.dtors)
 *(EXCLUDE_FILE(*crtend.o *crtend?.o) .dtors)
 *(SORT_BY_NAME(.dtors.*))
 *(.dtors)
 *(.eh_frame*)
 .eh_frame      0x100072d0        0x0 c:/progra~1/raspbe~1/picosd~1.1/gcc-ar~1/bin/../lib/gcc/arm-none-eabi/10.3.1/thumb/v6-m/nofp/crtbegin.o
                0x100072d0                . = ALIGN (0x4)

.glue_7         0x100072d0        0x0
 .glue_7        0x100072d0        0x0 linker stubs

.glue_7t        0x100072d0        0x0
 .glue_7t       0x100072d0        0x0 linker stubs

.vfp11_veneer   0x100072d0        0x0
 .vfp11_veneer  0x100072d0        0x0 linker stubs

.v4_bx          0x100072d0        0x0
 .v4_bx         0x100072d0        0x0 linker stubs

.iplt           0x100072d0        0x0
 .iplt          0x100072d0        0x0 c:/progra~1/raspbe~1/picosd~1.1/gcc-ar~1/bin/../lib/gcc/arm-none-eabi/10.3.1/thumb/v6-m/nofp/crtbegin.o

.rodata         0x100072d0     0x1848
 *(EXCLUDE_FILE(*libm.a: *libc.a:*lib_a-mem*.o *libgcc.a:) .rodata*)
 .rodata.measure_duty_cycle.str1.4
                0x100072d0       0x7d CMakeFiles/myblink_w.dir/RCmapeo.c.obj
 *fill*         0x1000734d        0x3 
 .rodata.main.str1.4
                0x10007350       0x55 CMakeFiles/myblink_w.dir/RCmapeo.c.obj
 *fill*         0x100073a5        0x3 
 .rodata.__func__.0
                0x100073a8       0x15 CMakeFiles/myblink_w.dir/RCmapeo.c.obj
 *fill*         0x100073bd        0x3 
 .rodata.spin_lock_claim_unused.str1.4
                0x100073c0       0x1b CMakeFiles/myblink_w.dir/C_/Program_Files/Raspberry_Pi/Pico_SDK_v1.5.1/pico-sdk/src/rp2_common/hardware_sync/sync.c.obj
 *fill*         0x100073db        0x1 
 .rodata.make_branch.str1.4
                0x100073dc       0x89 CMakeFiles/myblink_w.dir/C_/Program_Files/Raspberry_Pi/Pico_SDK_v1.5.1/pico-sdk/src/rp2_common/hardware_irq/irq.c.obj
 *fill*         0x10007465        0x3 
 .rodata.insert_branch_and_link.str1.4
                0x10007468       0x10 CMakeFiles/myblink_w.dir/C_/Program_Files/Raspberry_Pi/Pico_SDK_v1.5.1/pico-sdk/src/rp2_common/hardware_irq/irq.c.obj
 .rodata.irq_set_exclusive_handler.str1.4
                0x10007478       0x36 CMakeFiles/myblink_w.dir/C_/Program_Files/Raspberry_Pi/Pico_SDK_v1.5.1/pico-sdk/src/rp2_common/hardware_irq/irq.c.obj
 *fill*         0x100074ae        0x2 
 .rodata.irq_add_shared_handler.str1.4
                0x100074b0       0xd9 CMakeFiles/myblink_w.dir/C_/Program_Files/Raspberry_Pi/Pico_SDK_v1.5.1/pico-sdk/src/rp2_common/hardware_irq/irq.c.obj
 *fill*         0x10007589        0x3 
 .rodata.irq_remove_handler.str1.4
                0x1000758c       0x3a CMakeFiles/myblink_w.dir/C_/Program_Files/Raspberry_Pi/Pico_SDK_v1.5.1/pico-sdk/src/rp2_common/hardware_irq/irq.c.obj
 *fill*         0x100075c6        0x2 
 .rodata.irq_add_tail_to_free_list.str1.4
                0x100075c8       0x3a CMakeFiles/myblink_w.dir/C_/Program_Files/Raspberry_Pi/Pico_SDK_v1.5.1/pico-sdk/src/rp2_common/hardware_irq/irq.c.obj
 *fill*         0x10007602        0x2 
 .rodata.user_irq_claim_unused.str1.4
                0x10007604       0x1b CMakeFiles/myblink_w.dir/C_/Program_Files/Raspberry_Pi/Pico_SDK_v1.5.1/pico-sdk/src/rp2_common/hardware_irq/irq.c.obj
 *fill*         0x1000761f        0x1 
 .rodata.__func__.0
                0x10007620       0x1a CMakeFiles/myblink_w.dir/C_/Program_Files/Raspberry_Pi/Pico_SDK_v1.5.1/pico-sdk/src/rp2_common/hardware_irq/irq.c.obj
 *fill*         0x1000763a        0x2 
 .rodata.__func__.1
                0x1000763c       0x17 CMakeFiles/myblink_w.dir/C_/Program_Files/Raspberry_Pi/Pico_SDK_v1.5.1/pico-sdk/src/rp2_common/hardware_irq/irq.c.obj
 *fill*         0x10007653        0x1 
 .rodata.__func__.2
                0x10007654       0x13 CMakeFiles/myblink_w.dir/C_/Program_Files/Raspberry_Pi/Pico_SDK_v1.5.1/pico-sdk/src/rp2_common/hardware_irq/irq.c.obj
 *fill*         0x10007667        0x1 
 .rodata.__func__.3
                0x10007668        0xc CMakeFiles/myblink_w.dir/C_/Program_Files/Raspberry_Pi/Pico_SDK_v1.5.1/pico-sdk/src/rp2_common/hardware_irq/irq.c.obj
 .rodata.__func__.4
                0x10007674        0xf CMakeFiles/myblink_w.dir/C_/Program_Files/Raspberry_Pi/Pico_SDK_v1.5.1/pico-sdk/src/rp2_common/hardware_irq/irq.c.obj
 *fill*         0x10007683        0x1 
 .rodata.__func__.5
                0x10007684       0x17 CMakeFiles/myblink_w.dir/C_/Program_Files/Raspberry_Pi/Pico_SDK_v1.5.1/pico-sdk/src/rp2_common/hardware_irq/irq.c.obj
 *fill*         0x1000769b        0x1 
 .rodata.__func__.6
                0x1000769c       0x1a CMakeFiles/myblink_w.dir/C_/Program_Files/Raspberry_Pi/Pico_SDK_v1.5.1/pico-sdk/src/rp2_common/hardware_irq/irq.c.obj
 *fill*         0x100076b6        0x2 
 .rodata.str1.4
                0x100076b8       0xa5 CMakeFiles/myblink_w.dir/C_/Program_Files/Raspberry_Pi/Pico_SDK_v1.5.1/pico-sdk/src/common/pico_sync/mutex.c.obj
                                0x125 (size before relaxing)
 *fill*         0x1000775d        0x3 
 .rodata.__func__.1
                0x10007760        0xb CMakeFiles/myblink_w.dir/C_/Program_Files/Raspberry_Pi/Pico_SDK_v1.5.1/pico-sdk/src/common/pico_sync/mutex.c.obj
 *fill*         0x1000776b        0x1 
 .rodata.__func__.3
                0x1000776c       0x18 CMakeFiles/myblink_w.dir/C_/Program_Files/Raspberry_Pi/Pico_SDK_v1.5.1/pico-sdk/src/common/pico_sync/mutex.c.obj
 .rodata.__func__.4
                0x10007784       0x15 CMakeFiles/myblink_w.dir/C_/Program_Files/Raspberry_Pi/Pico_SDK_v1.5.1/pico-sdk/src/common/pico_sync/mutex.c.obj
 *fill*         0x10007799        0x3 
 .rodata.repeating_timer_callback.str1.4
                0x1000779c       0x67 CMakeFiles/myblink_w.dir/C_/Program_Files/Raspberry_Pi/Pico_SDK_v1.5.1/pico-sdk/src/common/pico_time/time.c.obj
 *fill*         0x10007803        0x1 
 .rodata.timer_pool_entry_comparator.str1.4
                0x10007804       0x22 CMakeFiles/myblink_w.dir/C_/Program_Files/Raspberry_Pi/Pico_SDK_v1.5.1/pico-sdk/src/common/pico_time/time.c.obj
 *fill*         0x10007826        0x2 
 .rodata.ph_add_child_node.str1.4
                0x10007828       0xb2 CMakeFiles/myblink_w.dir/C_/Program_Files/Raspberry_Pi/Pico_SDK_v1.5.1/pico-sdk/src/common/pico_time/time.c.obj
 *fill*         0x100078da        0x2 
 .rodata.add_alarm_under_lock.str1.4
                0x100078dc       0x28 CMakeFiles/myblink_w.dir/C_/Program_Files/Raspberry_Pi/Pico_SDK_v1.5.1/pico-sdk/src/common/pico_time/time.c.obj
                                 0x2b (size before relaxing)
 .rodata.alarm_pool_alarm_callback.str1.4
                0x10007904       0x98 CMakeFiles/myblink_w.dir/C_/Program_Files/Raspberry_Pi/Pico_SDK_v1.5.1/pico-sdk/src/common/pico_time/time.c.obj
                                0x118 (size before relaxing)
 .rodata.alarm_pool_get_default.str1.4
                0x1000799c       0x21 CMakeFiles/myblink_w.dir/C_/Program_Files/Raspberry_Pi/Pico_SDK_v1.5.1/pico-sdk/src/common/pico_time/time.c.obj
 *fill*         0x100079bd        0x3 
 .rodata.alarm_pool_cancel_alarm.str1.4
                0x100079c0       0x27 CMakeFiles/myblink_w.dir/C_/Program_Files/Raspberry_Pi/Pico_SDK_v1.5.1/pico-sdk/src/common/pico_time/time.c.obj
 *fill*         0x100079e7        0x1 
 .rodata.sleep_until.str1.4
                0x100079e8       0x4d CMakeFiles/myblink_w.dir/C_/Program_Files/Raspberry_Pi/Pico_SDK_v1.5.1/pico-sdk/src/common/pico_time/time.c.obj
 *fill*         0x10007a35        0x3 
 .rodata.__func__.1
                0x10007a38       0x18 CMakeFiles/myblink_w.dir/C_/Program_Files/Raspberry_Pi/Pico_SDK_v1.5.1/pico-sdk/src/common/pico_time/time.c.obj
 .rodata.__func__.10
                0x10007a50       0x15 CMakeFiles/myblink_w.dir/C_/Program_Files/Raspberry_Pi/Pico_SDK_v1.5.1/pico-sdk/src/common/pico_time/time.c.obj
 *fill*         0x10007a65        0x3 
 .rodata.__func__.11
                0x10007a68       0x1a CMakeFiles/myblink_w.dir/C_/Program_Files/Raspberry_Pi/Pico_SDK_v1.5.1/pico-sdk/src/common/pico_time/time.c.obj
 *fill*         0x10007a82        0x2 
 .rodata.__func__.12
                0x10007a84        0xa CMakeFiles/myblink_w.dir/C_/Program_Files/Raspberry_Pi/Pico_SDK_v1.5.1/pico-sdk/src/common/pico_time/time.c.obj
 *fill*         0x10007a8e        0x2 
 .rodata.__func__.3
                0x10007a90       0x17 CMakeFiles/myblink_w.dir/C_/Program_Files/Raspberry_Pi/Pico_SDK_v1.5.1/pico-sdk/src/common/pico_time/time.c.obj
 *fill*         0x10007aa7        0x1 
 .rodata.__func__.4
                0x10007aa8       0x12 CMakeFiles/myblink_w.dir/C_/Program_Files/Raspberry_Pi/Pico_SDK_v1.5.1/pico-sdk/src/common/pico_time/time.c.obj
 *fill*         0x10007aba        0x2 
 .rodata.__func__.5
                0x10007abc        0xd CMakeFiles/myblink_w.dir/C_/Program_Files/Raspberry_Pi/Pico_SDK_v1.5.1/pico-sdk/src/common/pico_time/time.c.obj
 *fill*         0x10007ac9        0x3 
 .rodata.__func__.6
                0x10007acc       0x12 CMakeFiles/myblink_w.dir/C_/Program_Files/Raspberry_Pi/Pico_SDK_v1.5.1/pico-sdk/src/common/pico_time/time.c.obj
 *fill*         0x10007ade        0x2 
 .rodata.__func__.7
                0x10007ae0        0xf CMakeFiles/myblink_w.dir/C_/Program_Files/Raspberry_Pi/Pico_SDK_v1.5.1/pico-sdk/src/common/pico_time/time.c.obj
 *fill*         0x10007aef        0x1 
 .rodata.__func__.8
                0x10007af0        0xc CMakeFiles/myblink_w.dir/C_/Program_Files/Raspberry_Pi/Pico_SDK_v1.5.1/pico-sdk/src/common/pico_time/time.c.obj
 .rodata.__func__.9
                0x10007afc       0x15 CMakeFiles/myblink_w.dir/C_/Program_Files/Raspberry_Pi/Pico_SDK_v1.5.1/pico-sdk/src/common/pico_time/time.c.obj
 *fill*         0x10007b11        0x3 
 .rodata.hardware_alarm_claim.str1.4
                0x10007b14       0x22 CMakeFiles/myblink_w.dir/C_/Program_Files/Raspberry_Pi/Pico_SDK_v1.5.1/pico-sdk/src/rp2_common/hardware_timer/timer.c.obj
 *fill*         0x10007b36        0x2 
 .rodata.hardware_alarm_set_target.str1.4
                0x10007b38       0x81 CMakeFiles/myblink_w.dir/C_/Program_Files/Raspberry_Pi/Pico_SDK_v1.5.1/pico-sdk/src/rp2_common/hardware_timer/timer.c.obj
 *fill*         0x10007bb9        0x3 
 .rodata.__func__.0
                0x10007bbc       0x1a CMakeFiles/myblink_w.dir/C_/Program_Files/Raspberry_Pi/Pico_SDK_v1.5.1/pico-sdk/src/rp2_common/hardware_timer/timer.c.obj
 .rodata.ph_add_child_node.str1.4
                0x10007bd6       0xb2 CMakeFiles/myblink_w.dir/C_/Program_Files/Raspberry_Pi/Pico_SDK_v1.5.1/pico-sdk/src/common/pico_util/pheap.c.obj
 *fill*         0x10007bd6        0x2 
 .rodata.ph_remove_any_head.str1.4
                0x10007bd8       0xa8 CMakeFiles/myblink_w.dir/C_/Program_Files/Raspberry_Pi/Pico_SDK_v1.5.1/pico-sdk/src/common/pico_util/pheap.c.obj
                                 0xbc (size before relaxing)
 .rodata.ph_remove_and_free_node.str1.4
                0x10007c80       0x1e CMakeFiles/myblink_w.dir/C_/Program_Files/Raspberry_Pi/Pico_SDK_v1.5.1/pico-sdk/src/common/pico_util/pheap.c.obj
                                 0x26 (size before relaxing)
 *fill*         0x10007c9e        0x2 
 .rodata.__func__.0
                0x10007ca0       0x18 CMakeFiles/myblink_w.dir/C_/Program_Files/Raspberry_Pi/Pico_SDK_v1.5.1/pico-sdk/src/common/pico_util/pheap.c.obj
 .rodata.__func__.1
                0x10007cb8       0x13 CMakeFiles/myblink_w.dir/C_/Program_Files/Raspberry_Pi/Pico_SDK_v1.5.1/pico-sdk/src/common/pico_util/pheap.c.obj
 *fill*         0x10007ccb        0x1 
 .rodata.__func__.2
                0x10007ccc       0x12 CMakeFiles/myblink_w.dir/C_/Program_Files/Raspberry_Pi/Pico_SDK_v1.5.1/pico-sdk/src/common/pico_util/pheap.c.obj
 *fill*         0x10007cde        0x2 
 .rodata.__func__.3
                0x10007ce0        0xc CMakeFiles/myblink_w.dir/C_/Program_Files/Raspberry_Pi/Pico_SDK_v1.5.1/pico-sdk/src/common/pico_util/pheap.c.obj
 .rodata.clock_configure.str1.4
                0x10007cec       0x73 CMakeFiles/myblink_w.dir/C_/Program_Files/Raspberry_Pi/Pico_SDK_v1.5.1/pico-sdk/src/rp2_common/hardware_clocks/clocks.c.obj
 *fill*         0x10007d5f        0x1 
 .rodata.__func__.1
                0x10007d60       0x10 CMakeFiles/myblink_w.dir/C_/Program_Files/Raspberry_Pi/Pico_SDK_v1.5.1/pico-sdk/src/rp2_common/hardware_clocks/clocks.c.obj
 .rodata.pll_init.str1.4
                0x10007d70      0x140 CMakeFiles/myblink_w.dir/C_/Program_Files/Raspberry_Pi/Pico_SDK_v1.5.1/pico-sdk/src/rp2_common/hardware_pll/pll.c.obj
 .rodata.__func__.0
                0x10007eb0        0x9 CMakeFiles/myblink_w.dir/C_/Program_Files/Raspberry_Pi/Pico_SDK_v1.5.1/pico-sdk/src/rp2_common/hardware_pll/pll.c.obj
 *fill*         0x10007eb9        0x3 
 .rodata.__assert_func.str1.4
                0x10007ebc       0x3f CMakeFiles/myblink_w.dir/C_/Program_Files/Raspberry_Pi/Pico_SDK_v1.5.1/pico-sdk/src/rp2_common/pico_runtime/runtime.c.obj
                                 0x43 (size before relaxing)
 *fill*         0x10007efb        0x1 
 .rodata.runtime_init.str1.4
                0x10007efc       0x7d CMakeFiles/myblink_w.dir/C_/Program_Files/Raspberry_Pi/Pico_SDK_v1.5.1/pico-sdk/src/rp2_common/pico_runtime/runtime.c.obj
 *fill*         0x10007f79        0x3 
 .rodata.panic.str1.4
                0x10007f7c       0x12 CMakeFiles/myblink_w.dir/C_/Program_Files/Raspberry_Pi/Pico_SDK_v1.5.1/pico-sdk/src/rp2_common/pico_runtime/runtime.c.obj
 *fill*         0x10007f8e        0x2 
 .rodata.__func__.2
                0x10007f90        0xd CMakeFiles/myblink_w.dir/C_/Program_Files/Raspberry_Pi/Pico_SDK_v1.5.1/pico-sdk/src/rp2_common/pico_runtime/runtime.c.obj
 *fill*         0x10007f9d        0x3 
 .rodata._ftoa.str1.4
                0x10007fa0       0x15 CMakeFiles/myblink_w.dir/C_/Program_Files/Raspberry_Pi/Pico_SDK_v1.5.1/pico-sdk/src/rp2_common/pico_printf/printf.c.obj
 *fill*         0x10007fb5        0x3 
 .rodata._vsnprintf
                0x10007fb8      0x1e0 CMakeFiles/myblink_w.dir/C_/Program_Files/Raspberry_Pi/Pico_SDK_v1.5.1/pico-sdk/src/rp2_common/pico_printf/printf.c.obj
 .rodata.pow10.0
                0x10008198       0x50 CMakeFiles/myblink_w.dir/C_/Program_Files/Raspberry_Pi/Pico_SDK_v1.5.1/pico-sdk/src/rp2_common/pico_printf/printf.c.obj
 .rodata.missing_double_func_shim.str1.4
                0x100081e8       0x18 CMakeFiles/myblink_w.dir/C_/Program_Files/Raspberry_Pi/Pico_SDK_v1.5.1/pico-sdk/src/rp2_common/pico_double/double_init_rom.c.obj
 .rodata.__aeabi_double_init.str1.4
                0x10008200       0xb8 CMakeFiles/myblink_w.dir/C_/Program_Files/Raspberry_Pi/Pico_SDK_v1.5.1/pico-sdk/src/rp2_common/pico_double/double_init_rom.c.obj
 .rodata.__func__.0
                0x100082b8       0x14 CMakeFiles/myblink_w.dir/C_/Program_Files/Raspberry_Pi/Pico_SDK_v1.5.1/pico-sdk/src/rp2_common/pico_double/double_init_rom.c.obj
 .rodata.missing_float_func_shim.str1.4
                0x100082cc        0x1 CMakeFiles/myblink_w.dir/C_/Program_Files/Raspberry_Pi/Pico_SDK_v1.5.1/pico-sdk/src/rp2_common/pico_float/float_init_rom.c.obj
 .rodata.__aeabi_float_init.str1.4
                0x100082cc       0x96 CMakeFiles/myblink_w.dir/C_/Program_Files/Raspberry_Pi/Pico_SDK_v1.5.1/pico-sdk/src/rp2_common/pico_float/float_init_rom.c.obj
 *fill*         0x10008362        0x2 
 .rodata.__func__.0
                0x10008364       0x13 CMakeFiles/myblink_w.dir/C_/Program_Files/Raspberry_Pi/Pico_SDK_v1.5.1/pico-sdk/src/rp2_common/pico_float/float_init_rom.c.obj
 *fill*         0x10008377        0x1 
 .rodata.str1.4
                0x10008378       0x40 CMakeFiles/myblink_w.dir/C_/Program_Files/Raspberry_Pi/Pico_SDK_v1.5.1/pico-sdk/src/rp2_common/pico_standard_link/binary_info.c.obj
 .rodata.__bi_44
                0x100083b8        0xc CMakeFiles/myblink_w.dir/C_/Program_Files/Raspberry_Pi/Pico_SDK_v1.5.1/pico-sdk/src/rp2_common/pico_standard_link/binary_info.c.obj
 .rodata.__bi_75
                0x100083c4        0xc CMakeFiles/myblink_w.dir/C_/Program_Files/Raspberry_Pi/Pico_SDK_v1.5.1/pico-sdk/src/rp2_common/pico_standard_link/binary_info.c.obj
 .rodata.__bi_81
                0x100083d0        0xc CMakeFiles/myblink_w.dir/C_/Program_Files/Raspberry_Pi/Pico_SDK_v1.5.1/pico-sdk/src/rp2_common/pico_standard_link/binary_info.c.obj
 .rodata.stdout_serialize_begin.str1.4
                0x100083dc       0x7d CMakeFiles/myblink_w.dir/C_/Program_Files/Raspberry_Pi/Pico_SDK_v1.5.1/pico-sdk/src/rp2_common/pico_stdio/stdio.c.obj
 .rodata.__func__.3
                0x100083dc       0x15 CMakeFiles/myblink_w.dir/C_/Program_Files/Raspberry_Pi/Pico_SDK_v1.5.1/pico-sdk/src/rp2_common/pico_stdio/stdio.c.obj
 *fill*         0x100083f1        0x3 
 .rodata.crlf_str.2
                0x100083f4        0x2 CMakeFiles/myblink_w.dir/C_/Program_Files/Raspberry_Pi/Pico_SDK_v1.5.1/pico-sdk/src/rp2_common/pico_stdio/stdio.c.obj
 *fill*         0x100083f6        0x2 
 .rodata._resetd_driver
                0x100083f8       0x18 CMakeFiles/myblink_w.dir/C_/Program_Files/Raspberry_Pi/Pico_SDK_v1.5.1/pico-sdk/src/rp2_common/pico_stdio_usb/reset_interface.c.obj
 .rodata.low_priority_worker_irq.str1.4
                0x10008410       0x7d CMakeFiles/myblink_w.dir/C_/Program_Files/Raspberry_Pi/Pico_SDK_v1.5.1/pico-sdk/src/rp2_common/pico_stdio_usb/stdio_usb.c.obj
 .rodata.stdio_usb_init.str1.4
                0x10008410       0x61 CMakeFiles/myblink_w.dir/C_/Program_Files/Raspberry_Pi/Pico_SDK_v1.5.1/pico-sdk/src/rp2_common/pico_stdio_usb/stdio_usb.c.obj
                                 0x69 (size before relaxing)
 *fill*         0x10008471        0x3 
 .rodata.str1.4
                0x10008474       0x13 CMakeFiles/myblink_w.dir/C_/Program_Files/Raspberry_Pi/Pico_SDK_v1.5.1/pico-sdk/src/rp2_common/pico_stdio_usb/stdio_usb.c.obj
 *fill*         0x10008487        0x1 
 .rodata.__bi_182.0
                0x10008488        0xc CMakeFiles/myblink_w.dir/C_/Program_Files/Raspberry_Pi/Pico_SDK_v1.5.1/pico-sdk/src/rp2_common/pico_stdio_usb/stdio_usb.c.obj
 .rodata.__func__.1
                0x10008494        0xf CMakeFiles/myblink_w.dir/C_/Program_Files/Raspberry_Pi/Pico_SDK_v1.5.1/pico-sdk/src/rp2_common/pico_stdio_usb/stdio_usb.c.obj
 *fill*         0x100084a3        0x1 
 .rodata.__func__.3
                0x100084a4       0x15 CMakeFiles/myblink_w.dir/C_/Program_Files/Raspberry_Pi/Pico_SDK_v1.5.1/pico-sdk/src/rp2_common/pico_stdio_usb/stdio_usb.c.obj
 *fill*         0x100084b9        0x3 
 .rodata.str1.4
                0x100084bc       0x2a CMakeFiles/myblink_w.dir/C_/Program_Files/Raspberry_Pi/Pico_SDK_v1.5.1/pico-sdk/src/rp2_common/pico_stdio_usb/stdio_usb_descriptors.c.obj
 *fill*         0x100084e6        0x2 
 .rodata.usbd_desc_cfg
                0x100084e8       0x54 CMakeFiles/myblink_w.dir/C_/Program_Files/Raspberry_Pi/Pico_SDK_v1.5.1/pico-sdk/src/rp2_common/pico_stdio_usb/stdio_usb_descriptors.c.obj
 .rodata.usbd_desc_device
                0x1000853c       0x12 CMakeFiles/myblink_w.dir/C_/Program_Files/Raspberry_Pi/Pico_SDK_v1.5.1/pico-sdk/src/rp2_common/pico_stdio_usb/stdio_usb_descriptors.c.obj
 *fill*         0x1000854e        0x2 
 .rodata.usbd_desc_str
                0x10008550       0x18 CMakeFiles/myblink_w.dir/C_/Program_Files/Raspberry_Pi/Pico_SDK_v1.5.1/pico-sdk/src/rp2_common/pico_stdio_usb/stdio_usb_descriptors.c.obj
 .rodata.pico_get_unique_board_id_string.str1.4
                0x10008568       0x69 CMakeFiles/myblink_w.dir/C_/Program_Files/Raspberry_Pi/Pico_SDK_v1.5.1/pico-sdk/src/rp2_common/pico_unique_id/unique_id.c.obj
 *fill*         0x100085d1        0x3 
 .rodata.__func__.0
                0x100085d4       0x20 CMakeFiles/myblink_w.dir/C_/Program_Files/Raspberry_Pi/Pico_SDK_v1.5.1/pico-sdk/src/rp2_common/pico_unique_id/unique_id.c.obj
 .rodata.str1.4
                0x100085f4      0x176 CMakeFiles/myblink_w.dir/C_/Program_Files/Raspberry_Pi/Pico_SDK_v1.5.1/pico-sdk/src/rp2_common/hardware_flash/flash.c.obj
 *fill*         0x1000876a        0x2 
 .rodata.__func__.0
                0x1000876c        0xd CMakeFiles/myblink_w.dir/C_/Program_Files/Raspberry_Pi/Pico_SDK_v1.5.1/pico-sdk/src/rp2_common/hardware_flash/flash.c.obj
 *fill*         0x10008779        0x3 
 .rodata._hw_endpoint_alloc.str1.4
                0x1000877c       0xd1 CMakeFiles/myblink_w.dir/C_/Program_Files/Raspberry_Pi/Pico_SDK_v1.5.1/pico-sdk/lib/tinyusb/src/portable/raspberrypi/rp2040/dcd_rp2040.c.obj
 *fill*         0x1000884d        0x3 
 .rodata.str1.4
                0x10008850       0x14 CMakeFiles/myblink_w.dir/C_/Program_Files/Raspberry_Pi/Pico_SDK_v1.5.1/pico-sdk/lib/tinyusb/src/portable/raspberrypi/rp2040/dcd_rp2040.c.obj
 .rodata.dcd_int_enable.str1.4
                0x10008864        0xc CMakeFiles/myblink_w.dir/C_/Program_Files/Raspberry_Pi/Pico_SDK_v1.5.1/pico-sdk/lib/tinyusb/src/portable/raspberrypi/rp2040/dcd_rp2040.c.obj
 .rodata.__func__.0
                0x10008870        0xe CMakeFiles/myblink_w.dir/C_/Program_Files/Raspberry_Pi/Pico_SDK_v1.5.1/pico-sdk/lib/tinyusb/src/portable/raspberrypi/rp2040/dcd_rp2040.c.obj
 *fill*         0x1000887e        0x2 
 .rodata.__func__.1
                0x10008880        0xe CMakeFiles/myblink_w.dir/C_/Program_Files/Raspberry_Pi/Pico_SDK_v1.5.1/pico-sdk/lib/tinyusb/src/portable/raspberrypi/rp2040/dcd_rp2040.c.obj
 *fill*         0x1000888e        0x2 
 .rodata.__func__.3
                0x10008890       0x10 CMakeFiles/myblink_w.dir/C_/Program_Files/Raspberry_Pi/Pico_SDK_v1.5.1/pico-sdk/lib/tinyusb/src/portable/raspberrypi/rp2040/dcd_rp2040.c.obj
 .rodata.__func__.5
                0x100088a0        0xf CMakeFiles/myblink_w.dir/C_/Program_Files/Raspberry_Pi/Pico_SDK_v1.5.1/pico-sdk/lib/tinyusb/src/portable/raspberrypi/rp2040/dcd_rp2040.c.obj
 *fill*         0x100088af        0x1 
 .rodata.__func__.6
                0x100088b0       0x13 CMakeFiles/myblink_w.dir/C_/Program_Files/Raspberry_Pi/Pico_SDK_v1.5.1/pico-sdk/lib/tinyusb/src/portable/raspberrypi/rp2040/dcd_rp2040.c.obj
 *fill*         0x100088c3        0x1 
 .rodata.__func__.7
                0x100088c4        0x9 CMakeFiles/myblink_w.dir/C_/Program_Files/Raspberry_Pi/Pico_SDK_v1.5.1/pico-sdk/lib/tinyusb/src/portable/raspberrypi/rp2040/dcd_rp2040.c.obj
 *fill*         0x100088cd        0x3 
 .rodata.str1.4
                0x100088d0      0x103 CMakeFiles/myblink_w.dir/C_/Program_Files/Raspberry_Pi/Pico_SDK_v1.5.1/pico-sdk/lib/tinyusb/src/portable/raspberrypi/rp2040/rp2040_usb.c.obj
 *fill*         0x100089d3        0x1 
 .rodata.__func__.0
                0x100089d4        0xf CMakeFiles/myblink_w.dir/C_/Program_Files/Raspberry_Pi/Pico_SDK_v1.5.1/pico-sdk/lib/tinyusb/src/portable/raspberrypi/rp2040/rp2040_usb.c.obj
 *fill*         0x100089e3        0x1 
 .rodata.process_get_descriptor
                0x100089e4       0x40 CMakeFiles/myblink_w.dir/C_/Program_Files/Raspberry_Pi/Pico_SDK_v1.5.1/pico-sdk/lib/tinyusb/src/device/usbd.c.obj
 .rodata.process_control_request
                0x10008a24       0x28 CMakeFiles/myblink_w.dir/C_/Program_Files/Raspberry_Pi/Pico_SDK_v1.5.1/pico-sdk/lib/tinyusb/src/device/usbd.c.obj
 .rodata.tud_task_ext
                0x10008a4c       0x24 CMakeFiles/myblink_w.dir/C_/Program_Files/Raspberry_Pi/Pico_SDK_v1.5.1/pico-sdk/lib/tinyusb/src/device/usbd.c.obj
 .rodata._usbd_driver
                0x10008a70       0x18 CMakeFiles/myblink_w.dir/C_/Program_Files/Raspberry_Pi/Pico_SDK_v1.5.1/pico-sdk/lib/tinyusb/src/device/usbd.c.obj
 .rodata.i2c_set_baudrate.str1.4
                0x10008a88       0x79 CMakeFiles/myblink_w.dir/C_/Program_Files/Raspberry_Pi/Pico_SDK_v1.5.1/pico-sdk/src/rp2_common/hardware_i2c/i2c.c.obj
 *fill*         0x10008b01        0x3 
 .rodata.__func__.0
                0x10008b04       0x11 CMakeFiles/myblink_w.dir/C_/Program_Files/Raspberry_Pi/Pico_SDK_v1.5.1/pico-sdk/src/rp2_common/hardware_i2c/i2c.c.obj
                0x10008b18                . = ALIGN (0x4)
 *fill*         0x10008b15        0x3 
 *(SORT_BY_ALIGNMENT(SORT_BY_NAME(.flashdata*)))
                0x10008b18                . = ALIGN (0x4)

.ARM.extab
 *(.ARM.extab* .gnu.linkonce.armextab.*)
                0x10008b18                __exidx_start = .

.ARM.exidx
 *(.ARM.exidx* .gnu.linkonce.armexidx.*)
                0x10008b18                __exidx_end = .
                0x10008b18                . = ALIGN (0x4)
                0x10008b18                __binary_info_start = .

.binary_info    0x10008b18       0x20
 *(.binary_info.keep.*)
 .binary_info.keep.__bi_ptr22
                0x10008b18        0x4 CMakeFiles/myblink_w.dir/C_/Program_Files/Raspberry_Pi/Pico_SDK_v1.5.1/pico-sdk/src/rp2_common/pico_standard_link/binary_info.c.obj
 .binary_info.keep.__bi_ptr30
                0x10008b1c        0x4 CMakeFiles/myblink_w.dir/C_/Program_Files/Raspberry_Pi/Pico_SDK_v1.5.1/pico-sdk/src/rp2_common/pico_standard_link/binary_info.c.obj
 .binary_info.keep.__bi_ptr38
                0x10008b20        0x4 CMakeFiles/myblink_w.dir/C_/Program_Files/Raspberry_Pi/Pico_SDK_v1.5.1/pico-sdk/src/rp2_common/pico_standard_link/binary_info.c.obj
 .binary_info.keep.__bi_ptr44
                0x10008b24        0x4 CMakeFiles/myblink_w.dir/C_/Program_Files/Raspberry_Pi/Pico_SDK_v1.5.1/pico-sdk/src/rp2_common/pico_standard_link/binary_info.c.obj
 .binary_info.keep.__bi_ptr50
                0x10008b28        0x4 CMakeFiles/myblink_w.dir/C_/Program_Files/Raspberry_Pi/Pico_SDK_v1.5.1/pico-sdk/src/rp2_common/pico_standard_link/binary_info.c.obj
 .binary_info.keep.__bi_ptr75
                0x10008b2c        0x4 CMakeFiles/myblink_w.dir/C_/Program_Files/Raspberry_Pi/Pico_SDK_v1.5.1/pico-sdk/src/rp2_common/pico_standard_link/binary_info.c.obj
 .binary_info.keep.__bi_ptr81
                0x10008b30        0x4 CMakeFiles/myblink_w.dir/C_/Program_Files/Raspberry_Pi/Pico_SDK_v1.5.1/pico-sdk/src/rp2_common/pico_standard_link/binary_info.c.obj
 *(.binary_info.*)
 .binary_info.__bi_ptr182
                0x10008b34        0x4 CMakeFiles/myblink_w.dir/C_/Program_Files/Raspberry_Pi/Pico_SDK_v1.5.1/pico-sdk/src/rp2_common/pico_stdio_usb/stdio_usb.c.obj
                0x10008b38                __binary_info_end = .

.rel.dyn        0x10008b38        0x0
 .rel.iplt      0x10008b38        0x0 c:/progra~1/raspbe~1/picosd~1.1/gcc-ar~1/bin/../lib/gcc/arm-none-eabi/10.3.1/thumb/v6-m/nofp/crtbegin.o
                0x10008b38                . = ALIGN (0x4)

.ram_vector_table
                0x20000000       0xc0
 *(.ram_vector_table)
 .ram_vector_table
                0x20000000       0xc0 CMakeFiles/myblink_w.dir/C_/Program_Files/Raspberry_Pi/Pico_SDK_v1.5.1/pico-sdk/src/rp2_common/pico_runtime/runtime.c.obj
                0x20000000                ram_vector_table

.data           0x200000c0      0xbf8 load address 0x10008b38
                0x200000c0                __data_start__ = .
 *(vtable)
 *(.time_critical*)
 .time_critical.mutex_try_enter
                0x200000c0       0x46 CMakeFiles/myblink_w.dir/C_/Program_Files/Raspberry_Pi/Pico_SDK_v1.5.1/pico-sdk/src/common/pico_sync/mutex.c.obj
                0x200000c0                mutex_try_enter
 *fill*         0x20000106        0x2 
 .time_critical.mutex_enter_block_until
                0x20000108       0x8c CMakeFiles/myblink_w.dir/C_/Program_Files/Raspberry_Pi/Pico_SDK_v1.5.1/pico-sdk/src/common/pico_sync/mutex.c.obj
                0x20000108                mutex_enter_block_until
 .time_critical.mutex_try_enter_block_until
                0x20000194       0x34 CMakeFiles/myblink_w.dir/C_/Program_Files/Raspberry_Pi/Pico_SDK_v1.5.1/pico-sdk/src/common/pico_sync/mutex.c.obj
                0x20000194                mutex_try_enter_block_until
 .time_critical.mutex_enter_timeout_ms
                0x200001c8       0x68 CMakeFiles/myblink_w.dir/C_/Program_Files/Raspberry_Pi/Pico_SDK_v1.5.1/pico-sdk/src/common/pico_sync/mutex.c.obj
                0x200001c8                mutex_enter_timeout_ms
 .time_critical.mutex_exit
                0x20000230       0x4c CMakeFiles/myblink_w.dir/C_/Program_Files/Raspberry_Pi/Pico_SDK_v1.5.1/pico-sdk/src/common/pico_sync/mutex.c.obj
                0x20000230                mutex_exit
 .time_critical.flash_init_boot2_copyout